<html>
<body>
<pre>
<h1>µVision Build Log</h1>
<h2>Tool Versions:</h2>
IDE-Version: µVision V5.34.0.0
Copyright (C) 2021 ARM Ltd and ARM Germany GmbH. All rights reserved.
License Information: Alex Alex, Alex, LIC=TIVNB-2LPDC-125LE-5NMPH-VFY83-SSIMG
 
Tool Versions:
Toolchain:       MDK-ARM Plus  Version: 5.34.0.0
Toolchain Path:  C:\Keil_v5\ARM\ARMCC\Bin
C Compiler:      Armcc.exe V5.06 update 7 (build 960)
Assembler:       Armasm.exe V5.06 update 7 (build 960)
Linker/Locator:  ArmLink.exe V5.06 update 7 (build 960)
Library Manager: ArmAr.exe V5.06 update 7 (build 960)
Hex Converter:   FromElf.exe V5.06 update 7 (build 960)
CPU DLL:         SARMCM3.DLL V5.34.0.0
Dialog DLL:      DCM.DLL V1.17.3.0
Target DLL:      STLink\ST-LINKIII-KEIL_SWO.dll V3.0.8.0
Dialog DLL:      TCM.DLL V1.48.0.0
 
<h2>Project:</h2>
C:\Users\protsenko\Desktop\STM32_Projects\Inclenometr\MDK-ARM\Inclenometr.uvprojx
Project File Date:  06/26/2023

<h2>Output:</h2>
*** Using Compiler 'V5.06 update 7 (build 960)', folder: 'C:\Keil_v5\ARM\ARMCC\Bin'
Rebuild target 'Inclenometr'
assembling startup_stm32l476xx.s...
compiling InclMathFix.c...
compiling stm32l4xx_hal_spi.c...
compiling main.c...
../Core/Src/main.c(170): warning:  #223-D: function "fixAngles" declared implicitly
      fixAngles(angls_rad, &incl);
../Core/Src/main.c: 1 warning, 0 errors
compiling stm32l4xx_hal_spi_ex.c...
compiling stm32l4xx_hal.c...
compiling stm32l4xx_it.c...
compiling stm32l4xx_hal_msp.c...
compiling incl.c...
compiling stm32l4xx_hal_i2c.c...
compiling stm32l4xx_hal_i2c_ex.c...
compiling stm32l4xx_hal_flash_ex.c...
compiling stm32l4xx_hal_gpio.c...
compiling stm32l4xx_hal_dma.c...
compiling stm32l4xx_hal_flash.c...
compiling stm32l4xx_hal_rcc.c...
compiling stm32l4xx_hal_rcc_ex.c...
compiling stm32l4xx_hal_flash_ramfunc.c...
compiling stm32l4xx_hal_dma_ex.c...
compiling stm32l4xx_hal_pwr.c...
compiling stm32l4xx_hal_cortex.c...
compiling stm32l4xx_hal_uart_ex.c...
compiling BasicMathFunctionsF16.c...
compiling BayesFunctions.c...
compiling BasicMathFunctions.c...
compiling BayesFunctionsF16.c...
compiling stm32l4xx_hal_pwr_ex.c...
compiling CommonTablesF16.c...
compiling stm32l4xx_hal_exti.c...
compiling ComplexMathFunctionsF16.c...
compiling ComplexMathFunctions.c...
compiling ControllerFunctions.c...
compiling stm32l4xx_hal_uart.c...
compiling DistanceFunctionsF16.c...
compiling stm32l4xx_hal_tim_ex.c...
compiling FastMathFunctionsF16.c...
C:\Keil_v5\ARM\PACK\ARM\CMSIS-DSP\1.14.4\Source\FastMathFunctions\arm_vexp_f16.c(96): warning:  #1-D: last line of file ends without a newline
   */
C:\Keil_v5\ARM\PACK\ARM\CMSIS-DSP\1.14.4\Source\FastMathFunctions\FastMathFunctionsF16.c: 1 warning, 0 errors
compiling FilteringFunctionsF16.c...
compiling DistanceFunctions.c...
C:\Keil_v5\ARM\PACK\ARM\CMSIS-DSP\1.14.4\Source\DistanceFunctions\DistanceFunctions.c(54): warning:  #1-D: last line of file ends without a newline
  #include "arm_dtw_init_window_q7.c"
C:\Keil_v5\ARM\PACK\ARM\CMSIS-DSP\1.14.4\Source\DistanceFunctions\DistanceFunctions.c: 1 warning, 0 errors
compiling CommonTables.c...
compiling FastMathFunctions.c...
C:\Keil_v5\ARM\PACK\ARM\CMSIS-DSP\1.14.4\Source\FastMathFunctions\arm_vexp_f32.c(123): warning:  #1-D: last line of file ends without a newline
   */
C:\Keil_v5\ARM\PACK\ARM\CMSIS-DSP\1.14.4\Source\FastMathFunctions\FastMathFunctions.c: 1 warning, 0 errors
compiling InterpolationFunctionsF16.c...
compiling InterpolationFunctions.c...
compiling MatrixFunctionsF16.c...
C:\Keil_v5\ARM\PACK\ARM\CMSIS-DSP\1.14.4\Source\MatrixFunctions\MatrixFunctionsF16.c(43): warning:  #1-D: last line of file ends without a newline
  #include "arm_householder_f16.c"
C:\Keil_v5\ARM\PACK\ARM\CMSIS-DSP\1.14.4\Source\MatrixFunctions\MatrixFunctionsF16.c: 1 warning, 0 errors
compiling QuaternionMathFunctions.c...
compiling SVMFunctionsF16.c...
compiling stm32l4xx_hal_tim.c...
compiling SVMFunctions.c...
compiling StatisticsFunctionsF16.c...
compiling SupportFunctionsF16.c...
compiling TransformFunctionsF16.c...
compiling SupportFunctions.c...
compiling StatisticsFunctions.c...
compiling MatrixFunctions.c...
compiling system_stm32l4xx.c...
compiling TransformFunctions.c...
compiling FilteringFunctions.c...
linking...
Inclenometr\Inclenometr.axf: Warning: L6989W: Could not apply patch sdcomp-29491-629360 to instruction VPOP     {d8-d15} at offset 0xf4, instruction is within an IT block and is not the last instruction for log.o(i.__hardfp_log).
Inclenometr\Inclenometr.axf: Warning: L6989W: Could not apply patch sdcomp-29491-629360 to instruction VPOP     {d8-d15} at offset 0xf0, instruction is within an IT block and is not the last instruction for log_x.o(i.____hardfp_log$lsc).
Program Size: Code=102052 RO-data=6364 RW-data=76 ZI-data=2436  
Finished: 0 information, 2 warning and 0 error messages.
FromELF: creating hex file...
"Inclenometr\Inclenometr.axf" - 0 Error(s), 7 Warning(s).

<h2>Software Packages used:</h2>

Package Vendor: ARM
                http://www.keil.com/pack/ARM.CMSIS.5.9.0.pack
                ARM.CMSIS.5.9.0
                CMSIS (Common Microcontroller Software Interface Standard)
   * Component: CORE Version: 5.6.0

Package Vendor: ARM
                https://www.keil.com/pack/ARM.CMSIS-DSP.1.14.4.pack
                ARM.CMSIS-DSP.1.14.4
                CMSIS Embedded Compute Library
   * Component: DSP Variant: Source Version: 1.14.4

Package Vendor: Keil
                https://www.keil.com/pack/Keil.STM32L4xx_DFP.2.6.2.pack
                Keil.STM32L4xx_DFP.2.6.2
                STMicroelectronics STM32L4 Series Device Support, Drivers and Examples

<h2>Collection of Component include folders:</h2>
  .\RTE\_Inclenometr
  C:\Keil_v5\ARM\PACK\ARM\CMSIS-DSP\1.14.4\Include
  C:\Keil_v5\ARM\PACK\ARM\CMSIS-DSP\1.14.4\PrivateInclude
  C:\Keil_v5\ARM\PACK\ARM\CMSIS\5.9.0\CMSIS\Core\Include
  C:\Keil_v5\ARM\PACK\Keil\STM32L4xx_DFP\2.6.2\Drivers\CMSIS\Device\ST\STM32L4xx\Include

<h2>Collection of Component Files used:</h2>

   * Component: ARM::CMSIS:CORE:5.6.0
      Include file:  CMSIS\Core\Include\tz_context.h

   * Component: ARM::CMSIS:DSP:Source:1.14.4
      Include file:  Include\arm_const_structs_f16.h
      Source file:   Source\ControllerFunctions\ControllerFunctions.c
      Source file:   Source\SupportFunctions\SupportFunctions.c
      Source file:   Source\TransformFunctions\TransformFunctionsF16.c
      Source file:   Source\InterpolationFunctions\InterpolationFunctionsF16.c
      Source file:   Source\StatisticsFunctions\StatisticsFunctionsF16.c
      Source file:   Source\QuaternionMathFunctions\QuaternionMathFunctions.c
      Source file:   Source\BasicMathFunctions\BasicMathFunctions.c
      Source file:   Source\DistanceFunctions\DistanceFunctions.c
      Source file:   Source\ComplexMathFunctions\ComplexMathFunctions.c
      Source file:   Source\FilteringFunctions\FilteringFunctions.c
      Source file:   Source\TransformFunctions\TransformFunctions.c
      Source file:   Source\SupportFunctions\SupportFunctionsF16.c
      Source file:   Source\FastMathFunctions\FastMathFunctionsF16.c
      Source file:   Source\DistanceFunctions\DistanceFunctionsF16.c
      Source file:   Source\BayesFunctions\BayesFunctionsF16.c
      Source file:   Source\InterpolationFunctions\InterpolationFunctions.c
      Source file:   Source\SVMFunctions\SVMFunctionsF16.c
      Source file:   Source\BayesFunctions\BayesFunctions.c
      Source file:   Source\FilteringFunctions\FilteringFunctionsF16.c
      Source file:   Source\CommonTables\CommonTablesF16.c
      Source file:   Source\MatrixFunctions\MatrixFunctionsF16.c
      Source file:   Source\StatisticsFunctions\StatisticsFunctions.c
      Source file:   Source\CommonTables\CommonTables.c
      Source file:   Source\ComplexMathFunctions\ComplexMathFunctionsF16.c
      Source file:   Source\MatrixFunctions\MatrixFunctions.c
      Source file:   Source\FastMathFunctions\FastMathFunctions.c
      Source file:   Source\BasicMathFunctions\BasicMathFunctionsF16.c
      Source file:   Source\SVMFunctions\SVMFunctions.c
      Include file:  Include\arm_common_tables_f16.h
      Include file:  Include\arm_math.h
      Include file:  Include\arm_math_f16.h
      Include file:  Include\arm_common_tables.h
      Include file:  Include\arm_const_structs.h
Build Time Elapsed:  00:00:35
</pre>
</body>
</html>
