Component: ARM Compiler 5.06 update 7 (build 960) Tool: armlink [4d3601]

==============================================================================

Section Cross References

    startup_stm32l476xx.o(STACK) refers (Special) to heapauxi.o(.text) for __use_two_region_memory
    startup_stm32l476xx.o(HEAP) refers (Special) to heapauxi.o(.text) for __use_two_region_memory
    startup_stm32l476xx.o(RESET) refers (Special) to heapauxi.o(.text) for __use_two_region_memory
    startup_stm32l476xx.o(RESET) refers to startup_stm32l476xx.o(STACK) for __initial_sp
    startup_stm32l476xx.o(RESET) refers to startup_stm32l476xx.o(.text) for Reset_Handler
    startup_stm32l476xx.o(RESET) refers to stm32l4xx_it.o(.text) for NMI_Handler
    startup_stm32l476xx.o(.text) refers (Special) to heapauxi.o(.text) for __use_two_region_memory
    startup_stm32l476xx.o(.text) refers to system_stm32l4xx.o(.text) for SystemInit
    startup_stm32l476xx.o(.text) refers to __main.o(!!!main) for __main
    startup_stm32l476xx.o(.text) refers to startup_stm32l476xx.o(HEAP) for Heap_Mem
    startup_stm32l476xx.o(.text) refers to startup_stm32l476xx.o(STACK) for Stack_Mem
    incl.o(.text) refers to stm32l4xx_hal_gpio.o(.text) for HAL_GPIO_ReadPin
    incl.o(.text) refers to stm32l4xx_hal_spi.o(.text) for HAL_SPI_Transmit
    incl.o(.text) refers to stm32l4xx_hal.o(.text) for HAL_Delay
    incl.o(.text) refers to main.o(.bss) for hspi1
    incl.o(.text) refers to incl.o(.bss) for .bss
    incl.o(.text) refers to incl.o(.data) for .data
    main.o(.text) refers to rt_memclr_w.o(.text) for __aeabi_memclr4
    main.o(.text) refers to stm32l4xx_hal_pwr_ex.o(.text) for HAL_PWREx_ControlVoltageScaling
    main.o(.text) refers to stm32l4xx_hal_rcc.o(.text) for HAL_RCC_OscConfig
    main.o(.text) refers to stm32l4xx_hal.o(.text) for HAL_Init
    main.o(.text) refers to stm32l4xx_hal_gpio.o(.text) for HAL_GPIO_WritePin
    main.o(.text) refers to incl.o(.text) for Incl_init
    main.o(.text) refers to f2d.o(x$fpl$f2d) for __aeabi_f2d
    main.o(.text) refers to tan.o(i.__hardfp_tan) for __hardfp_tan
    main.o(.text) refers to dmul.o(x$fpl$dmul) for __aeabi_dmul
    main.o(.text) refers to d2f.o(x$fpl$d2f) for __aeabi_d2f
    main.o(.text) refers to fastmathfunctions.o(.text) for arm_cos_f32
    main.o(.text) refers to powf.o(i.__hardfp_powf) for __hardfp_powf
    main.o(.text) refers to sqrtf.o(i.__hardfp_sqrtf) for __hardfp_sqrtf
    main.o(.text) refers to atan2f.o(i.__hardfp_atan2f) for __hardfp_atan2f
    main.o(.text) refers to stm32l4xx_hal_spi.o(.text) for HAL_SPI_Init
    main.o(.text) refers to main.o(.bss) for .bss
    stm32l4xx_it.o(.text) refers to stm32l4xx_hal.o(.text) for HAL_IncTick
    stm32l4xx_hal_msp.o(.text) refers to rt_memclr_w.o(.text) for __aeabi_memclr4
    stm32l4xx_hal_msp.o(.text) refers to stm32l4xx_hal_gpio.o(.text) for HAL_GPIO_Init
    stm32l4xx_hal_spi.o(.text) refers to stm32l4xx_hal_msp.o(.text) for HAL_SPI_MspInit
    stm32l4xx_hal_spi.o(.text) refers to stm32l4xx_hal.o(.text) for HAL_GetTick
    stm32l4xx_hal_spi.o(.text) refers to system_stm32l4xx.o(.data) for SystemCoreClock
    stm32l4xx_hal_spi.o(.text) refers to stm32l4xx_hal_dma.o(.text) for HAL_DMA_Start_IT
    stm32l4xx_hal.o(.text) refers to stm32l4xx_hal_cortex.o(.text) for HAL_SYSTICK_Config
    stm32l4xx_hal.o(.text) refers to stm32l4xx_hal_msp.o(.text) for HAL_MspInit
    stm32l4xx_hal.o(.text) refers to stm32l4xx_hal.o(.data) for .data
    stm32l4xx_hal.o(.text) refers to system_stm32l4xx.o(.data) for SystemCoreClock
    stm32l4xx_hal_i2c.o(.text) refers to stm32l4xx_hal.o(.text) for HAL_GetTick
    stm32l4xx_hal_i2c.o(.text) refers to stm32l4xx_hal_dma.o(.text) for HAL_DMA_GetState
    stm32l4xx_hal_rcc.o(.text) refers to stm32l4xx_hal.o(.text) for HAL_GetTick
    stm32l4xx_hal_rcc.o(.text) refers to stm32l4xx_hal_pwr_ex.o(.text) for HAL_PWREx_GetVoltageRange
    stm32l4xx_hal_rcc.o(.text) refers to system_stm32l4xx.o(.data) for SystemCoreClock
    stm32l4xx_hal_rcc.o(.text) refers to stm32l4xx_hal.o(.data) for uwTickPrio
    stm32l4xx_hal_rcc.o(.text) refers to system_stm32l4xx.o(.constdata) for MSIRangeTable
    stm32l4xx_hal_rcc.o(.text) refers to stm32l4xx_hal_gpio.o(.text) for HAL_GPIO_Init
    stm32l4xx_hal_rcc.o(.text) refers to system_stm32l4xx.o(.constdata) for APBPrescTable
    stm32l4xx_hal_rcc_ex.o(.text) refers to stm32l4xx_hal.o(.text) for HAL_GetTick
    stm32l4xx_hal_rcc_ex.o(.text) refers to system_stm32l4xx.o(.constdata) for MSIRangeTable
    stm32l4xx_hal_rcc_ex.o(.text) refers to stm32l4xx_hal_rcc.o(.text) for HAL_RCC_GetPCLK2Freq
    stm32l4xx_hal_rcc_ex.o(.text) refers to stm32l4xx_hal_gpio.o(.text) for HAL_GPIO_Init
    stm32l4xx_hal_rcc_ex.o(.text) refers to stm32l4xx_hal_pwr.o(.text) for HAL_PWR_EnableBkUpAccess
    stm32l4xx_hal_flash.o(.text) refers to stm32l4xx_hal.o(.text) for HAL_GetTick
    stm32l4xx_hal_flash.o(.text) refers to stm32l4xx_hal_flash_ex.o(.text) for FLASH_FlushCaches
[...]
    _dadd1                                   0x08007da5   Thumb Code     0  daddsub_clz.o(x$fpl$dadd)
    x$fpl$dcmpinf                            0x08007ee4   Section       24  dcmpi.o(x$fpl$dcmpinf)
    $v0                                      0x08007ee4   Number         0  dcmpi.o(x$fpl$dcmpinf)
    x$fpl$ddiv                               0x08007efc   Section      688  ddiv.o(x$fpl$ddiv)
    $v0                                      0x08007efc   Number         0  ddiv.o(x$fpl$ddiv)
    ddiv_entry                               0x08007f03   Thumb Code     0  ddiv.o(x$fpl$ddiv)
    x$fpl$deqf                               0x080081ac   Section      120  deqf.o(x$fpl$deqf)
    $v0                                      0x080081ac   Number         0  deqf.o(x$fpl$deqf)
    x$fpl$dfix                               0x08008224   Section       94  dfix.o(x$fpl$dfix)
    $v0                                      0x08008224   Number         0  dfix.o(x$fpl$dfix)
    x$fpl$dflt                               0x08008282   Section       46  dflt_clz.o(x$fpl$dflt)
    $v0                                      0x08008282   Number         0  dflt_clz.o(x$fpl$dflt)
    x$fpl$dfltu                              0x080082b0   Section       38  dflt_clz.o(x$fpl$dfltu)
    $v0                                      0x080082b0   Number         0  dflt_clz.o(x$fpl$dfltu)
    x$fpl$dleqf                              0x080082d8   Section      120  dleqf.o(x$fpl$dleqf)
    $v0                                      0x080082d8   Number         0  dleqf.o(x$fpl$dleqf)
    x$fpl$dmul                               0x08008350   Section      340  dmul.o(x$fpl$dmul)
    $v0                                      0x08008350   Number         0  dmul.o(x$fpl$dmul)
    x$fpl$dnaninf                            0x080084a4   Section      156  dnaninf.o(x$fpl$dnaninf)
    $v0                                      0x080084a4   Number         0  dnaninf.o(x$fpl$dnaninf)
    x$fpl$dretinf                            0x08008540   Section       12  dretinf.o(x$fpl$dretinf)
    $v0                                      0x08008540   Number         0  dretinf.o(x$fpl$dretinf)
    x$fpl$drleqf                             0x0800854c   Section      108  drleqf.o(x$fpl$drleqf)
    $v0                                      0x0800854c   Number         0  drleqf.o(x$fpl$drleqf)
    x$fpl$drsb                               0x080085b8   Section       22  daddsub_clz.o(x$fpl$drsb)
    $v0                                      0x080085b8   Number         0  daddsub_clz.o(x$fpl$drsb)
    x$fpl$dsub                               0x080085d0   Section      468  daddsub_clz.o(x$fpl$dsub)
    $v0                                      0x080085d0   Number         0  daddsub_clz.o(x$fpl$dsub)
    _dsub1                                   0x080085e1   Thumb Code     0  daddsub_clz.o(x$fpl$dsub)
    x$fpl$f2d                                0x080087a4   Section       86  f2d.o(x$fpl$f2d)
    $v0                                      0x080087a4   Number         0  f2d.o(x$fpl$f2d)
    x$fpl$fnaninf                            0x080087fa   Section      140  fnaninf.o(x$fpl$fnaninf)
    $v0                                      0x080087fa   Number         0  fnaninf.o(x$fpl$fnaninf)
    x$fpl$fpinit                             0x08008886   Section       10  fpinit.o(x$fpl$fpinit)
    $v0                                      0x08008886   Number         0  fpinit.o(x$fpl$fpinit)
    x$fpl$fretinf                            0x08008890   Section       10  fretinf.o(x$fpl$fretinf)
    $v0                                      0x08008890   Number         0  fretinf.o(x$fpl$fretinf)
    x$fpl$usenofp                            0x0800889a   Section        0  usenofp.o(x$fpl$usenofp)
    .constdata                               0x0800889c   Section       64  system_stm32l4xx.o(.constdata)
    .constdata                               0x080088dc   Section        8  system_stm32l4xx.o(.constdata)
    .constdata                               0x080088e4   Section     2052  commontables.o(.constdata)
    .constdata                               0x080090e8   Section     2052  commontables.o(.constdata)
    .constdata                               0x080098ec   Section     1026  commontables.o(.constdata)
    .constdata                               0x08009cf0   Section      128  commontables.o(.constdata)
    .constdata                               0x08009d70   Section       32  commontables.o(.constdata)
    .constdata                               0x08009d90   Section      112  fastmathfunctions.o(.constdata)
    atan2_coefs_f32                          0x08009d90   Data          40  fastmathfunctions.o(.constdata)
    atan2_coefs_q31                          0x08009db8   Data          52  fastmathfunctions.o(.constdata)
    atan2_coefs_q15                          0x08009dec   Data          20  fastmathfunctions.o(.constdata)
    .constdata                               0x08009e00   Section       88  exp.o(.constdata)
    halF                                     0x08009e00   Data          16  exp.o(.constdata)
    ln2HI                                    0x08009e10   Data          16  exp.o(.constdata)
    ln2LO                                    0x08009e20   Data          16  exp.o(.constdata)
    P                                        0x08009e30   Data          40  exp.o(.constdata)
    .constdata                               0x08009e58   Section       48  expf.o(.constdata)
    twotokover4top                           0x08009e58   Data          16  expf.o(.constdata)
    twotokover4bot                           0x08009e68   Data          16  expf.o(.constdata)
    twotokover4all                           0x08009e78   Data          16  expf.o(.constdata)
    .constdata                               0x08009e88   Section       56  log.o(.constdata)
    Lg2                                      0x08009e88   Data          24  log.o(.constdata)
    Lg                                       0x08009ea0   Data          32  log.o(.constdata)
    .constdata                               0x08009ec0   Section       64  logf.o(.constdata)
    logahi                                   0x08009ec0   Data          32  logf.o(.constdata)
    logalo                                   0x08009ee0   Data          32  logf.o(.constdata)
    .constdata                               0x08009f00   Section      320  powf.o(.constdata)
    table                                    0x08009f00   Data         128  powf.o(.constdata)
    powersof2to1over16top                    0x08009f80   Data          64  powf.o(.constdata)
    powersof2to1over16bot                    0x08009fc0   Data          64  powf.o(.constdata)
    powersof2to1over16all                    0x0800a000   Data          64  powf.o(.constdata)
    .constdata                               0x0800a040   Section        8  qnan.o(.constdata)
    .constdata                               0x0800a048   Section      200  rred.o(.constdata)
    pio2s                                    0x0800a048   Data          48  rred.o(.constdata)
    twooverpi                                0x0800a078   Data         152  rred.o(.constdata)
    .constdata                               0x0800a110   Section       96  tan_i.o(.constdata)
    Todd                                     0x0800a110   Data          48  tan_i.o(.constdata)
    Teven                                    0x0800a140   Data          48  tan_i.o(.constdata)
    .data                                    0x20000000   Section       48  incl.o(.data)
    n                                        0x20000000   Data           4  incl.o(.data)
    y                                        0x20000004   Data           4  incl.o(.data)
    n                                        0x20000008   Data           4  incl.o(.data)
    y                                        0x2000000c   Data           4  incl.o(.data)
    n                                        0x20000010   Data           4  incl.o(.data)
    y                                        0x20000014   Data           4  incl.o(.data)
    n                                        0x20000018   Data           4  incl.o(.data)
    y                                        0x2000001c   Data           4  incl.o(.data)
    n                                        0x20000020   Data           4  incl.o(.data)
    y                                        0x20000024   Data           4  incl.o(.data)
    n                                        0x20000028   Data           4  incl.o(.data)
    y                                        0x2000002c   Data           4  incl.o(.data)
    .data                                    0x20000030   Section       12  stm32l4xx_hal.o(.data)
    .data                                    0x2000003c   Section        4  system_stm32l4xx.o(.data)
    .bss                                     0x20000040   Section     1536  incl.o(.bss)
    m                                        0x20000040   Data         256  incl.o(.bss)
    m                                        0x20000140   Data         256  incl.o(.bss)
    m                                        0x20000240   Data         256  incl.o(.bss)
    m                                        0x20000340   Data         256  incl.o(.bss)
    m                                        0x20000440   Data         256  incl.o(.bss)
    m                                        0x20000540   Data         256  incl.o(.bss)
    .bss                                     0x20000640   Section      172  main.o(.bss)
    angl                                     0x200006a4   Data          24  main.o(.bss)
    angl2                                    0x200006bc   Data          12  main.o(.bss)
    anglmm                                   0x200006c8   Data          12  main.o(.bss)
    comp_angl                                0x200006d4   Data          12  main.o(.bss)
    compensatedAcc                           0x200006e0   Data          12  main.o(.bss)
    .bss                                     0x200006ec   Section       96  libspace.o(.bss)
    HEAP                                     0x20000750   Section      512  startup_stm32l476xx.o(HEAP)
    Heap_Mem                                 0x20000750   Data         512  startup_stm32l476xx.o(HEAP)
    STACK                                    0x20000950   Section     1024  startup_stm32l476xx.o(STACK)
    Stack_Mem                                0x20000950   Data        1024  startup_stm32l476xx.o(STACK)
    __initial_sp                             0x20000d50   Data           0  startup_stm32l476xx.o(STACK)

    Global Symbols

    Symbol Name                              Value     Ov Type        Size  Object(Section)

    BuildAttributes$$THM_ISAv4$E$P$D$K$B$S$7EM$VFPi3$EXTD16$VFPS$VFMA$PE$A:L22UL41UL21$X:L11$S22US41US21$IEEE1$IW$USESV6$~STKCKD$USESV7$~SHL$OTIME$ROPI$IEEEX$EBA8$UX$STANDARDLIB$REQ8$PRES8$EABIv2 0x00000000   Number         0  anon$$obj.o ABSOLUTE
    __ARM_use_no_argv                        0x00000000   Number         0  main.o ABSOLUTE
    __ARM_exceptions_init                     - Undefined Weak Reference
    __alloca_initialize                       - Undefined Weak Reference
    __arm_fini_                               - Undefined Weak Reference
    __arm_preinit_                            - Undefined Weak Reference
    __cpp_initialize__aeabi_                  - Undefined Weak Reference
    __cxa_finalize                            - Undefined Weak Reference
    __rt_locale                               - Undefined Weak Reference
    __sigvec_lookup                           - Undefined Weak Reference
    _atexit_init                              - Undefined Weak Reference
    _call_atexit_fns                          - Undefined Weak Reference
    _clock_init                               - Undefined Weak Reference
    _fp_trap_init                             - Undefined Weak Reference
    _fp_trap_shutdown                         - Undefined Weak Reference
    _get_lc_collate                           - Undefined Weak Reference
    _get_lc_ctype                             - Undefined Weak Reference
    _get_lc_monetary                          - Undefined Weak Reference
    _get_lc_numeric                           - Undefined Weak Reference
    _get_lc_time                              - Undefined Weak Reference
    _getenv_init                              - Undefined Weak Reference
    _handle_redirection                       - Undefined Weak Reference
    _init_alloc                               - Undefined Weak Reference
    _init_user_alloc                          - Undefined Weak Reference
    _initio                                   - Undefined Weak Reference
    _rand_init                                - Undefined Weak Reference
    _signal_finish                            - Undefined Weak Reference
    _signal_init                              - Undefined Weak Reference
    _terminate_alloc                          - Undefined Weak Reference
    _terminate_user_alloc                     - Undefined Weak Reference
    _terminateio                              - Undefined Weak Reference
    __Vectors_Size                           0x00000188   Number         0  startup_stm32l476xx.o ABSOLUTE
    __Vectors                                0x08000000   Data           4  startup_stm32l476xx.o(RESET)
    __Vectors_End                            0x08000188   Data           0  startup_stm32l476xx.o(RESET)
    __main                                   0x08000189   Thumb Code     8  __main.o(!!!main)
    __scatterload                            0x08000191   Thumb Code     0  __scatter.o(!!!scatter)
    __scatterload_rt2                        0x08000191   Thumb Code    44  __scatter.o(!!!scatter)
    __scatterload_rt2_thumb_only             0x08000191   Thumb Code     0  __scatter.o(!!!scatter)
    __scatterload_null                       0x0800019f   Thumb Code     0  __scatter.o(!!!scatter)
    __scatterload_copy                       0x080001c5   Thumb Code    26  __scatter_copy.o(!!handler_copy)
    __scatterload_zeroinit                   0x080001e1   Thumb Code    28  __scatter_zi.o(!!handler_zi)
    __rt_lib_init                            0x080001fd   Thumb Code     0  libinit.o(.ARM.Collect$$libinit$$00000000)
    __rt_lib_init_fp_1                       0x080001ff   Thumb Code     0  libinit2.o(.ARM.Collect$$libinit$$00000001)
    __rt_lib_init_alloca_1                   0x08000203   Thumb Code     0  libinit2.o(.ARM.Collect$$libinit$$0000002E)
    __rt_lib_init_argv_1                     0x08000203   Thumb Code     0  libinit2.o(.ARM.Collect$$libinit$$0000002C)
    __rt_lib_init_atexit_1                   0x08000203   Thumb Code     0  libinit2.o(.ARM.Collect$$libinit$$0000001B)
    __rt_lib_init_clock_1                    0x08000203   Thumb Code     0  libinit2.o(.ARM.Collect$$libinit$$00000021)
    __rt_lib_init_cpp_1                      0x08000203   Thumb Code     0  libinit2.o(.ARM.Collect$$libinit$$00000032)
    __rt_lib_init_exceptions_1               0x08000203   Thumb Code     0  libinit2.o(.ARM.Collect$$libinit$$00000030)
    __rt_lib_init_fp_trap_1                  0x08000203   Thumb Code     0  libinit2.o(.ARM.Collect$$libinit$$0000001F)
    __rt_lib_init_getenv_1                   0x08000203   Thumb Code     0  libinit2.o(.ARM.Collect$$libinit$$00000023)
    __rt_lib_init_heap_1                     0x08000203   Thumb Code     0  libinit2.o(.ARM.Collect$$libinit$$0000000A)
    __rt_lib_init_lc_collate_1               0x08000203   Thumb Code     0  libinit2.o(.ARM.Collect$$libinit$$00000011)
    __rt_lib_init_lc_ctype_1                 0x08000203   Thumb Code     0  libinit2.o(.ARM.Collect$$libinit$$00000013)
    __rt_lib_init_lc_monetary_1              0x08000203   Thumb Code     0  libinit2.o(.ARM.Collect$$libinit$$00000015)
    __rt_lib_init_lc_numeric_1               0x08000203   Thumb Code     0  libinit2.o(.ARM.Collect$$libinit$$00000017)
    __rt_lib_init_lc_time_1                  0x08000203   Thumb Code     0  libinit2.o(.ARM.Collect$$libinit$$00000019)
    __rt_lib_init_preinit_1                  0x08000203   Thumb Code     0  libinit2.o(.ARM.Collect$$libinit$$00000004)
    __rt_lib_init_rand_1                     0x08000203   Thumb Code     0  libinit2.o(.ARM.Collect$$libinit$$0000000E)
    __rt_lib_init_return                     0x08000203   Thumb Code     0  libinit2.o(.ARM.Collect$$libinit$$00000033)
    __rt_lib_init_signal_1                   0x08000203   Thumb Code     0  libinit2.o(.ARM.Collect$$libinit$$0000001D)
    __rt_lib_init_stdio_1                    0x08000203   Thumb Code     0  libinit2.o(.ARM.Collect$$libinit$$00000025)
    __rt_lib_init_user_alloc_1               0x08000203   Thumb Code     0  libinit2.o(.ARM.Collect$$libinit$$0000000C)
    __rt_lib_shutdown                        0x08000205   Thumb Code     0  libshutdown.o(.ARM.Collect$$libshutdown$$00000000)
    __rt_lib_shutdown_cpp_1                  0x08000207   Thumb Code     0  libshutdown2.o(.ARM.Collect$$libshutdown$$00000004)
    __rt_lib_shutdown_fini_1                 0x08000207   Thumb Code     0  libshutdown2.o(.ARM.Collect$$libshutdown$$00000002)
    __rt_lib_shutdown_fp_trap_1              0x08000207   Thumb Code     0  libshutdown2.o(.ARM.Collect$$libshutdown$$00000009)
    __rt_lib_shutdown_heap_1                 0x08000207   Thumb Code     0  libshutdown2.o(.ARM.Collect$$libshutdown$$00000011)
    __rt_lib_shutdown_return                 0x08000207   Thumb Code     0  libshutdown2.o(.ARM.Collect$$libshutdown$$00000012)
    __rt_lib_shutdown_signal_1               0x08000207   Thumb Code     0  libshutdown2.o(.ARM.Collect$$libshutdown$$0000000C)
    __rt_lib_shutdown_stdio_1                0x08000207   Thumb Code     0  libshutdown2.o(.ARM.Collect$$libshutdown$$00000006)
    __rt_lib_shutdown_user_alloc_1           0x08000207   Thumb Code     0  libshutdown2.o(.ARM.Collect$$libshutdown$$0000000E)
    __rt_entry                               0x08000209   Thumb Code     0  __rtentry.o(.ARM.Collect$$rtentry$$00000000)
    __rt_entry_presh_1                       0x08000209   Thumb Code     0  __rtentry2.o(.ARM.Collect$$rtentry$$00000002)
    __rt_entry_sh                            0x08000209   Thumb Code     0  __rtentry4.o(.ARM.Collect$$rtentry$$00000004)
    __rt_entry_li                            0x0800020f   Thumb Code     0  __rtentry2.o(.ARM.Collect$$rtentry$$0000000A)
    __rt_entry_postsh_1                      0x0800020f   Thumb Code     0  __rtentry2.o(.ARM.Collect$$rtentry$$00000009)
    __rt_entry_main                          0x08000213   Thumb Code     0  __rtentry2.o(.ARM.Collect$$rtentry$$0000000D)
    __rt_entry_postli_1                      0x08000213   Thumb Code     0  __rtentry2.o(.ARM.Collect$$rtentry$$0000000C)
    __rt_exit                                0x0800021b   Thumb Code     0  rtexit.o(.ARM.Collect$$rtexit$$00000000)
    __rt_exit_ls                             0x0800021d   Thumb Code     0  rtexit2.o(.ARM.Collect$$rtexit$$00000003)
    __rt_exit_prels_1                        0x0800021d   Thumb Code     0  rtexit2.o(.ARM.Collect$$rtexit$$00000002)
    __rt_exit_exit                           0x08000221   Thumb Code     0  rtexit2.o(.ARM.Collect$$rtexit$$00000004)
    Reset_Handler                            0x08000229   Thumb Code     8  startup_stm32l476xx.o(.text)
    ADC1_2_IRQHandler                        0x08000243   Thumb Code     0  startup_stm32l476xx.o(.text)
    ADC3_IRQHandler                          0x08000243   Thumb Code     0  startup_stm32l476xx.o(.text)
    CAN1_RX0_IRQHandler                      0x08000243   Thumb Code     0  startup_stm32l476xx.o(.text)
    CAN1_RX1_IRQHandler                      0x08000243   Thumb Code     0  startup_stm32l476xx.o(.text)
    CAN1_SCE_IRQHandler                      0x08000243   Thumb Code     0  startup_stm32l476xx.o(.text)
    CAN1_TX_IRQHandler                       0x08000243   Thumb Code     0  startup_stm32l476xx.o(.text)
    COMP_IRQHandler                          0x08000243   Thumb Code     0  startup_stm32l476xx.o(.text)
    DFSDM1_FLT0_IRQHandler                   0x08000243   Thumb Code     0  startup_stm32l476xx.o(.text)
    DFSDM1_FLT1_IRQHandler                   0x08000243   Thumb Code     0  startup_stm32l476xx.o(.text)
    DFSDM1_FLT2_IRQHandler                   0x08000243   Thumb Code     0  startup_stm32l476xx.o(.text)
    DFSDM1_FLT3_IRQHandler                   0x08000243   Thumb Code     0  startup_stm32l476xx.o(.text)
    DMA1_Channel1_IRQHandler                 0x08000243   Thumb Code     0  startup_stm32l476xx.o(.text)
    DMA1_Channel2_IRQHandler                 0x08000243   Thumb Code     0  startup_stm32l476xx.o(.text)
    DMA1_Channel3_IRQHandler                 0x08000243   Thumb Code     0  startup_stm32l476xx.o(.text)
    DMA1_Channel4_IRQHandler                 0x08000243   Thumb Code     0  startup_stm32l476xx.o(.text)
    DMA1_Channel5_IRQHandler                 0x08000243   Thumb Code     0  startup_stm32l476xx.o(.text)
    DMA1_Channel6_IRQHandler                 0x08000243   Thumb Code     0  startup_stm32l476xx.o(.text)
    DMA1_Channel7_IRQHandler                 0x08000243   Thumb Code     0  startup_stm32l476xx.o(.text)
    DMA2_Channel1_IRQHandler                 0x08000243   Thumb Code     0  startup_stm32l476xx.o(.text)
    DMA2_Channel2_IRQHandler                 0x08000243   Thumb Code     0  startup_stm32l476xx.o(.text)
    DMA2_Channel3_IRQHandler                 0x08000243   Thumb Code     0  startup_stm32l476xx.o(.text)
    DMA2_Channel4_IRQHandler                 0x08000243   Thumb Code     0  startup_stm32l476xx.o(.text)
    DMA2_Channel5_IRQHandler                 0x08000243   Thumb Code     0  startup_stm32l476xx.o(.text)
    DMA2_Channel6_IRQHandler                 0x08000243   Thumb Code     0  startup_stm32l476xx.o(.text)
    DMA2_Channel7_IRQHandler                 0x08000243   Thumb Code     0  startup_stm32l476xx.o(.text)
    EXTI0_IRQHandler                         0x08000243   Thumb Code     0  startup_stm32l476xx.o(.text)
    EXTI15_10_IRQHandler                     0x08000243   Thumb Code     0  startup_stm32l476xx.o(.text)
    EXTI1_IRQHandler                         0x08000243   Thumb Code     0  startup_stm32l476xx.o(.text)
    EXTI2_IRQHandler                         0x08000243   Thumb Code     0  startup_stm32l476xx.o(.text)
    EXTI3_IRQHandler                         0x08000243   Thumb Code     0  startup_stm32l476xx.o(.text)
    EXTI4_IRQHandler                         0x08000243   Thumb Code     0  startup_stm32l476xx.o(.text)
    EXTI9_5_IRQHandler                       0x08000243   Thumb Code     0  startup_stm32l476xx.o(.text)
    FLASH_IRQHandler                         0x08000243   Thumb Code     0  startup_stm32l476xx.o(.text)
    FMC_IRQHandler                           0x08000243   Thumb Code     0  startup_stm32l476xx.o(.text)
    FPU_IRQHandler                           0x08000243   Thumb Code     0  startup_stm32l476xx.o(.text)
    I2C1_ER_IRQHandler                       0x08000243   Thumb Code     0  startup_stm32l476xx.o(.text)
    I2C1_EV_IRQHandler                       0x08000243   Thumb Code     0  startup_stm32l476xx.o(.text)
    I2C2_ER_IRQHandler                       0x08000243   Thumb Code     0  startup_stm32l476xx.o(.text)
    I2C2_EV_IRQHandler                       0x08000243   Thumb Code     0  startup_stm32l476xx.o(.text)
    I2C3_ER_IRQHandler                       0x08000243   Thumb Code     0  startup_stm32l476xx.o(.text)
    I2C3_EV_IRQHandler                       0x08000243   Thumb Code     0  startup_stm32l476xx.o(.text)
    LCD_IRQHandler                           0x08000243   Thumb Code     0  startup_stm32l476xx.o(.text)
    LPTIM1_IRQHandler                        0x08000243   Thumb Code     0  startup_stm32l476xx.o(.text)
    LPTIM2_IRQHandler                        0x08000243   Thumb Code     0  startup_stm32l476xx.o(.text)
    LPUART1_IRQHandler                       0x08000243   Thumb Code     0  startup_stm32l476xx.o(.text)
    OTG_FS_IRQHandler                        0x08000243   Thumb Code     0  startup_stm32l476xx.o(.text)
    PVD_PVM_IRQHandler                       0x08000243   Thumb Code     0  startup_stm32l476xx.o(.text)
    QUADSPI_IRQHandler                       0x08000243   Thumb Code     0  startup_stm32l476xx.o(.text)
    RCC_IRQHandler                           0x08000243   Thumb Code     0  startup_stm32l476xx.o(.text)
    RNG_IRQHandler                           0x08000243   Thumb Code     0  startup_stm32l476xx.o(.text)
    RTC_Alarm_IRQHandler                     0x08000243   Thumb Code     0  startup_stm32l476xx.o(.text)
    RTC_WKUP_IRQHandler                      0x08000243   Thumb Code     0  startup_stm32l476xx.o(.text)
    SAI1_IRQHandler                          0x08000243   Thumb Code     0  startup_stm32l476xx.o(.text)
    SAI2_IRQHandler                          0x08000243   Thumb Code     0  startup_stm32l476xx.o(.text)
    SDMMC1_IRQHandler                        0x08000243   Thumb Code     0  startup_stm32l476xx.o(.text)
    SPI1_IRQHandler                          0x08000243   Thumb Code     0  startup_stm32l476xx.o(.text)
    SPI2_IRQHandler                          0x08000243   Thumb Code     0  startup_stm32l476xx.o(.text)
    SPI3_IRQHandler                          0x08000243   Thumb Code     0  startup_stm32l476xx.o(.text)
    SWPMI1_IRQHandler                        0x08000243   Thumb Code     0  startup_stm32l476xx.o(.text)
    TAMP_STAMP_IRQHandler                    0x08000243   Thumb Code     0  startup_stm32l476xx.o(.text)
    TIM1_BRK_TIM15_IRQHandler                0x08000243   Thumb Code     0  startup_stm32l476xx.o(.text)
    TIM1_CC_IRQHandler                       0x08000243   Thumb Code     0  startup_stm32l476xx.o(.text)
    TIM1_TRG_COM_TIM17_IRQHandler            0x08000243   Thumb Code     0  startup_stm32l476xx.o(.text)
    TIM1_UP_TIM16_IRQHandler                 0x08000243   Thumb Code     0  startup_stm32l476xx.o(.text)
    TIM2_IRQHandler                          0x08000243   Thumb Code     0  startup_stm32l476xx.o(.text)
    TIM3_IRQHandler                          0x08000243   Thumb Code     0  startup_stm32l476xx.o(.text)
    TIM4_IRQHandler                          0x08000243   Thumb Code     0  startup_stm32l476xx.o(.text)
    TIM5_IRQHandler                          0x08000243   Thumb Code     0  startup_stm32l476xx.o(.text)
    TIM6_DAC_IRQHandler                      0x08000243   Thumb Code     0  startup_stm32l476xx.o(.text)
    TIM7_IRQHandler                          0x08000243   Thumb Code     0  startup_stm32l476xx.o(.text)
    TIM8_BRK_IRQHandler                      0x08000243   Thumb Code     0  startup_stm32l476xx.o(.text)
    TIM8_CC_IRQHandler                       0x08000243   Thumb Code     0  startup_stm32l476xx.o(.text)
    TIM8_TRG_COM_IRQHandler                  0x08000243   Thumb Code     0  startup_stm32l476xx.o(.text)
    TIM8_UP_IRQHandler                       0x08000243   Thumb Code     0  startup_stm32l476xx.o(.text)
    TSC_IRQHandler                           0x08000243   Thumb Code     0  startup_stm32l476xx.o(.text)
    UART4_IRQHandler                         0x08000243   Thumb Code     0  startup_stm32l476xx.o(.text)
    UART5_IRQHandler                         0x08000243   Thumb Code     0  startup_stm32l476xx.o(.text)
    USART1_IRQHandler                        0x08000243   Thumb Code     0  startup_stm32l476xx.o(.text)
    USART2_IRQHandler                        0x08000243   Thumb Code     0  startup_stm32l476xx.o(.text)
    USART3_IRQHandler                        0x08000243   Thumb Code     0  startup_stm32l476xx.o(.text)
    WWDG_IRQHandler                          0x08000243   Thumb Code     0  startup_stm32l476xx.o(.text)
    __user_initial_stackheap                 0x08000245   Thumb Code     0  startup_stm32l476xx.o(.text)
    parse_command                            0x08000269   Thumb Code    14  incl.o(.text)
    Incl_Data_SPI                            0x08000277   Thumb Code   218  incl.o(.text)
    Incl_init                                0x08000351   Thumb Code    54  incl.o(.text)
    calculate_crc                            0x08000387   Thumb Code    48  incl.o(.text)
    filter_Gz                                0x080003b7   Thumb Code    44  incl.o(.text)
    filter_Gy                                0x080003e3   Thumb Code    44  incl.o(.text)
    filter_Gx                                0x0800040f   Thumb Code    44  incl.o(.text)
    filter_z                                 0x0800043b   Thumb Code    44  incl.o(.text)
    filter_y                                 0x08000467   Thumb Code    44  incl.o(.text)
    filter_x                                 0x08000493   Thumb Code    44  incl.o(.text)
    Incl_Data_ANGL                           0x080004bf   Thumb Code   708  incl.o(.text)
    Error_Handler                            0x08000789   Thumb Code     4  main.o(.text)
    SystemClock_Config                       0x0800078d   Thumb Code   116  main.o(.text)
    main                                     0x08000801   Thumb Code   824  main.o(.text)
    NMI_Handler                              0x08000b99   Thumb Code     2  stm32l4xx_it.o(.text)
    HardFault_Handler                        0x08000b9b   Thumb Code     2  stm32l4xx_it.o(.text)
    MemManage_Handler                        0x08000b9d   Thumb Code     2  stm32l4xx_it.o(.text)
    BusFault_Handler                         0x08000b9f   Thumb Code     2  stm32l4xx_it.o(.text)
    UsageFault_Handler                       0x08000ba1   Thumb Code     2  stm32l4xx_it.o(.text)
    SVC_Handler                              0x08000ba3   Thumb Code     2  stm32l4xx_it.o(.text)
    DebugMon_Handler                         0x08000ba5   Thumb Code     2  stm32l4xx_it.o(.text)
    PendSV_Handler                           0x08000ba7   Thumb Code     2  stm32l4xx_it.o(.text)
    SysTick_Handler                          0x08000ba9   Thumb Code     4  stm32l4xx_it.o(.text)
    HAL_MspInit                              0x08000bad   Thumb Code    38  stm32l4xx_hal_msp.o(.text)
    HAL_SPI_MspInit                          0x08000bd3   Thumb Code    90  stm32l4xx_hal_msp.o(.text)
    HAL_SPI_MspDeInit                        0x08000c2d   Thumb Code    30  stm32l4xx_hal_msp.o(.text)
    HAL_SPI_Init                             0x08000c57   Thumb Code   224  stm32l4xx_hal_spi.o(.text)
    HAL_SPI_DeInit                           0x08000d39   Thumb Code    46  stm32l4xx_hal_spi.o(.text)
    HAL_SPI_Transmit                         0x08000f39   Thumb Code   396  stm32l4xx_hal_spi.o(.text)
    HAL_SPI_TransmitReceive                  0x08001137   Thumb Code   606  stm32l4xx_hal_spi.o(.text)
    HAL_SPI_Receive                          0x08001395   Thumb Code   380  stm32l4xx_hal_spi.o(.text)
    HAL_SPI_TxCpltCallback                   0x08001511   Thumb Code     2  stm32l4xx_hal_spi.o(.text)
    HAL_SPI_ErrorCallback                    0x08001513   Thumb Code     2  stm32l4xx_hal_spi.o(.text)
    HAL_SPI_Transmit_IT                      0x0800159d   Thumb Code   148  stm32l4xx_hal_spi.o(.text)
    HAL_SPI_RxCpltCallback                   0x08001631   Thumb Code     2  stm32l4xx_hal_spi.o(.text)
    HAL_SPI_TxRxCpltCallback                 0x080016bb   Thumb Code     2  stm32l4xx_hal_spi.o(.text)
    HAL_SPI_TransmitReceive_IT               0x0800181d   Thumb Code   180  stm32l4xx_hal_spi.o(.text)
    HAL_SPI_Receive_IT                       0x080018d1   Thumb Code   190  stm32l4xx_hal_spi.o(.text)
    HAL_SPI_TxHalfCpltCallback               0x08001a37   Thumb Code     2  stm32l4xx_hal_spi.o(.text)
    HAL_SPI_Transmit_DMA                     0x08001a43   Thumb Code   270  stm32l4xx_hal_spi.o(.text)
    HAL_SPI_RxHalfCpltCallback               0x08001bbd   Thumb Code     2  stm32l4xx_hal_spi.o(.text)
    HAL_SPI_TxRxHalfCpltCallback             0x08001c25   Thumb Code     2  stm32l4xx_hal_spi.o(.text)
    HAL_SPI_TransmitReceive_DMA              0x08001c31   Thumb Code   422  stm32l4xx_hal_spi.o(.text)
    HAL_SPI_Receive_DMA                      0x08001dd7   Thumb Code   364  stm32l4xx_hal_spi.o(.text)
    HAL_SPI_Abort                            0x08002091   Thumb Code   354  stm32l4xx_hal_spi.o(.text)
    HAL_SPI_AbortCpltCallback                0x080021f3   Thumb Code     2  stm32l4xx_hal_spi.o(.text)
    HAL_SPI_Abort_IT                         0x0800230d   Thumb Code   270  stm32l4xx_hal_spi.o(.text)
    HAL_SPI_DMAPause                         0x0800241b   Thumb Code    38  stm32l4xx_hal_spi.o(.text)
    HAL_SPI_DMAResume                        0x08002441   Thumb Code    38  stm32l4xx_hal_spi.o(.text)
    HAL_SPI_DMAStop                          0x08002467   Thumb Code    66  stm32l4xx_hal_spi.o(.text)
    HAL_SPI_IRQHandler                       0x080024bb   Thumb Code   246  stm32l4xx_hal_spi.o(.text)
    HAL_SPI_GetState                         0x080025b1   Thumb Code     6  stm32l4xx_hal_spi.o(.text)
    HAL_SPI_GetError                         0x080025b7   Thumb Code     4  stm32l4xx_hal_spi.o(.text)
    HAL_InitTick                             0x080025eb   Thumb Code    58  stm32l4xx_hal.o(.text)
    HAL_Init                                 0x08002625   Thumb Code    30  stm32l4xx_hal.o(.text)
    HAL_MspDeInit                            0x08002643   Thumb Code     2  stm32l4xx_hal.o(.text)
    HAL_DeInit                               0x08002645   Thumb Code    42  stm32l4xx_hal.o(.text)
    HAL_IncTick                              0x0800266f   Thumb Code    12  stm32l4xx_hal.o(.text)
    HAL_GetTick                              0x0800267b   Thumb Code     6  stm32l4xx_hal.o(.text)
    HAL_GetTickPrio                          0x08002681   Thumb Code     6  stm32l4xx_hal.o(.text)
    HAL_SetTickFreq                          0x08002687   Thumb Code    30  stm32l4xx_hal.o(.text)
    HAL_GetTickFreq                          0x080026a5   Thumb Code     6  stm32l4xx_hal.o(.text)
    HAL_Delay                                0x080026ab   Thumb Code    32  stm32l4xx_hal.o(.text)
    HAL_SuspendTick                          0x080026cb   Thumb Code    14  stm32l4xx_hal.o(.text)
    HAL_ResumeTick                           0x080026d9   Thumb Code    14  stm32l4xx_hal.o(.text)
    HAL_GetHalVersion                        0x080026e7   Thumb Code     4  stm32l4xx_hal.o(.text)
    HAL_GetREVID                             0x080026eb   Thumb Code     8  stm32l4xx_hal.o(.text)
    HAL_GetDEVID                             0x080026f3   Thumb Code    10  stm32l4xx_hal.o(.text)
    HAL_GetUIDw0                             0x080026fd   Thumb Code     6  stm32l4xx_hal.o(.text)
    HAL_GetUIDw1                             0x08002703   Thumb Code     8  stm32l4xx_hal.o(.text)
    HAL_GetUIDw2                             0x0800270b   Thumb Code     8  stm32l4xx_hal.o(.text)
    HAL_DBGMCU_EnableDBGSleepMode            0x08002713   Thumb Code    12  stm32l4xx_hal.o(.text)
    HAL_DBGMCU_DisableDBGSleepMode           0x0800271f   Thumb Code    12  stm32l4xx_hal.o(.text)
    HAL_DBGMCU_EnableDBGStopMode             0x0800272b   Thumb Code    12  stm32l4xx_hal.o(.text)
    HAL_DBGMCU_DisableDBGStopMode            0x08002737   Thumb Code    12  stm32l4xx_hal.o(.text)
    HAL_DBGMCU_EnableDBGStandbyMode          0x08002743   Thumb Code    12  stm32l4xx_hal.o(.text)
    HAL_DBGMCU_DisableDBGStandbyMode         0x0800274f   Thumb Code    12  stm32l4xx_hal.o(.text)
    HAL_SYSCFG_SRAM2Erase                    0x0800275b   Thumb Code    20  stm32l4xx_hal.o(.text)
    HAL_SYSCFG_EnableMemorySwappingBank      0x0800276f   Thumb Code     8  stm32l4xx_hal.o(.text)
    HAL_SYSCFG_DisableMemorySwappingBank     0x08002777   Thumb Code     8  stm32l4xx_hal.o(.text)
    HAL_SYSCFG_VREFBUF_VoltageScalingConfig  0x0800277f   Thumb Code    14  stm32l4xx_hal.o(.text)
    HAL_SYSCFG_VREFBUF_HighImpedanceConfig   0x0800278d   Thumb Code    14  stm32l4xx_hal.o(.text)
    HAL_SYSCFG_VREFBUF_TrimmingConfig        0x0800279b   Thumb Code    14  stm32l4xx_hal.o(.text)
    HAL_SYSCFG_EnableVREFBUF                 0x080027a9   Thumb Code    44  stm32l4xx_hal.o(.text)
    HAL_SYSCFG_DisableVREFBUF                0x080027d5   Thumb Code    12  stm32l4xx_hal.o(.text)
    HAL_SYSCFG_EnableIOAnalogSwitchBooster   0x080027e1   Thumb Code    12  stm32l4xx_hal.o(.text)
    HAL_SYSCFG_DisableIOAnalogSwitchBooster  0x080027ed   Thumb Code    12  stm32l4xx_hal.o(.text)
    HAL_RCC_DeInit                           0x08002819   Thumb Code   206  stm32l4xx_hal_rcc.o(.text)
    HAL_RCC_GetSysClockFreq                  0x080028e7   Thumb Code   152  stm32l4xx_hal_rcc.o(.text)
    HAL_RCC_OscConfig                        0x080029f3   Thumb Code  1292  stm32l4xx_hal_rcc.o(.text)
    HAL_RCC_ClockConfig                      0x08002eff   Thumb Code   316  stm32l4xx_hal_rcc.o(.text)
    HAL_RCC_MCOConfig                        0x0800303b   Thumb Code    68  stm32l4xx_hal_rcc.o(.text)
    HAL_RCC_GetHCLKFreq                      0x0800307f   Thumb Code     6  stm32l4xx_hal_rcc.o(.text)
    HAL_RCC_GetPCLK1Freq                     0x08003085   Thumb Code    24  stm32l4xx_hal_rcc.o(.text)
    HAL_RCC_GetPCLK2Freq                     0x0800309d   Thumb Code    60  stm32l4xx_hal_rcc.o(.text)
    HAL_RCC_GetOscConfig                     0x080030d9   Thumb Code   220  stm32l4xx_hal_rcc.o(.text)
    HAL_RCC_GetClockConfig                   0x080031b5   Thumb Code    54  stm32l4xx_hal_rcc.o(.text)
    HAL_RCC_EnableCSS                        0x080031eb   Thumb Code    12  stm32l4xx_hal_rcc.o(.text)
    HAL_RCC_CSSCallback                      0x080031f7   Thumb Code     2  stm32l4xx_hal_rcc.o(.text)
    HAL_RCC_NMI_IRQHandler                   0x080031f9   Thumb Code    20  stm32l4xx_hal_rcc.o(.text)
    HAL_RCC_GetResetSource                   0x0800320d   Thumb Code    20  stm32l4xx_hal_rcc.o(.text)
    HAL_GPIO_Init                            0x08003229   Thumb Code   432  stm32l4xx_hal_gpio.o(.text)
    HAL_GPIO_DeInit                          0x080033d9   Thumb Code   272  stm32l4xx_hal_gpio.o(.text)
    HAL_GPIO_ReadPin                         0x080034e9   Thumb Code    10  stm32l4xx_hal_gpio.o(.text)
    HAL_GPIO_WritePin                        0x080034f3   Thumb Code    10  stm32l4xx_hal_gpio.o(.text)
    HAL_GPIO_TogglePin                       0x080034fd   Thumb Code    16  stm32l4xx_hal_gpio.o(.text)
    HAL_GPIO_LockPin                         0x0800350d   Thumb Code    34  stm32l4xx_hal_gpio.o(.text)
    HAL_GPIO_EXTI_Callback                   0x0800352f   Thumb Code     2  stm32l4xx_hal_gpio.o(.text)
    HAL_GPIO_EXTI_IRQHandler                 0x08003531   Thumb Code    20  stm32l4xx_hal_gpio.o(.text)
    HAL_DMA_Init                             0x08003575   Thumb Code   210  stm32l4xx_hal_dma.o(.text)
    HAL_DMA_DeInit                           0x08003647   Thumb Code   142  stm32l4xx_hal_dma.o(.text)
    HAL_DMA_Start                            0x08003703   Thumb Code    80  stm32l4xx_hal_dma.o(.text)
    HAL_DMA_Start_IT                         0x08003753   Thumb Code   112  stm32l4xx_hal_dma.o(.text)
    HAL_DMA_Abort                            0x080037c3   Thumb Code    74  stm32l4xx_hal_dma.o(.text)
    HAL_DMA_Abort_IT                         0x0800380d   Thumb Code    78  stm32l4xx_hal_dma.o(.text)
    HAL_DMA_PollForTransfer                  0x0800385b   Thumb Code   214  stm32l4xx_hal_dma.o(.text)
    HAL_DMA_IRQHandler                       0x08003931   Thumb Code   198  stm32l4xx_hal_dma.o(.text)
    HAL_DMA_RegisterCallback                 0x080039f7   Thumb Code    74  stm32l4xx_hal_dma.o(.text)
    HAL_DMA_UnRegisterCallback               0x08003a41   Thumb Code    82  stm32l4xx_hal_dma.o(.text)
    HAL_DMA_GetState                         0x08003a93   Thumb Code     6  stm32l4xx_hal_dma.o(.text)
    HAL_DMA_GetError                         0x08003a99   Thumb Code     4  stm32l4xx_hal_dma.o(.text)
    HAL_PWR_DeInit                           0x08003aa5   Thumb Code    20  stm32l4xx_hal_pwr.o(.text)
    HAL_PWR_EnableBkUpAccess                 0x08003ab9   Thumb Code    12  stm32l4xx_hal_pwr.o(.text)
    HAL_PWR_DisableBkUpAccess                0x08003ac5   Thumb Code    12  stm32l4xx_hal_pwr.o(.text)
    HAL_PWR_ConfigPVD                        0x08003ad1   Thumb Code   118  stm32l4xx_hal_pwr.o(.text)
    HAL_PWR_EnablePVD                        0x08003b47   Thumb Code    12  stm32l4xx_hal_pwr.o(.text)
    HAL_PWR_DisablePVD                       0x08003b53   Thumb Code    12  stm32l4xx_hal_pwr.o(.text)
    HAL_PWR_EnableWakeUpPin                  0x08003b5f   Thumb Code    24  stm32l4xx_hal_pwr.o(.text)
    HAL_PWR_DisableWakeUpPin                 0x08003b77   Thumb Code    14  stm32l4xx_hal_pwr.o(.text)
    HAL_PWR_EnterSLEEPMode                   0x08003b85   Thumb Code    62  stm32l4xx_hal_pwr.o(.text)
    HAL_PWR_EnterSTOPMode                    0x08003bc3   Thumb Code    16  stm32l4xx_hal_pwr.o(.text)
    HAL_PWR_EnterSTANDBYMode                 0x08003bd3   Thumb Code    26  stm32l4xx_hal_pwr.o(.text)
    HAL_PWR_EnableSleepOnExit                0x08003bed   Thumb Code    12  stm32l4xx_hal_pwr.o(.text)
    HAL_PWR_DisableSleepOnExit               0x08003bf9   Thumb Code    12  stm32l4xx_hal_pwr.o(.text)
    HAL_PWR_EnableSEVOnPend                  0x08003c05   Thumb Code    12  stm32l4xx_hal_pwr.o(.text)
    HAL_PWR_DisableSEVOnPend                 0x08003c11   Thumb Code    12  stm32l4xx_hal_pwr.o(.text)
    HAL_PWR_PVDCallback                      0x08003c1d   Thumb Code     2  stm32l4xx_hal_pwr.o(.text)
    HAL_PWREx_GetVoltageRange                0x08003c31   Thumb Code    10  stm32l4xx_hal_pwr_ex.o(.text)
    HAL_PWREx_ControlVoltageScaling          0x08003c3b   Thumb Code    90  stm32l4xx_hal_pwr_ex.o(.text)
    HAL_PWREx_EnableBatteryCharging          0x08003c95   Thumb Code    22  stm32l4xx_hal_pwr_ex.o(.text)
    HAL_PWREx_DisableBatteryCharging         0x08003cab   Thumb Code    12  stm32l4xx_hal_pwr_ex.o(.text)
    HAL_PWREx_EnableVddUSB                   0x08003cb7   Thumb Code    12  stm32l4xx_hal_pwr_ex.o(.text)
    HAL_PWREx_DisableVddUSB                  0x08003cc3   Thumb Code    12  stm32l4xx_hal_pwr_ex.o(.text)
    HAL_PWREx_EnableVddIO2                   0x08003ccf   Thumb Code    12  stm32l4xx_hal_pwr_ex.o(.text)
    HAL_PWREx_DisableVddIO2                  0x08003cdb   Thumb Code    12  stm32l4xx_hal_pwr_ex.o(.text)
    HAL_PWREx_EnableInternalWakeUpLine       0x08003ce7   Thumb Code    12  stm32l4xx_hal_pwr_ex.o(.text)
    HAL_PWREx_DisableInternalWakeUpLine      0x08003cf3   Thumb Code    12  stm32l4xx_hal_pwr_ex.o(.text)
    HAL_PWREx_EnableGPIOPullUp               0x08003cff   Thumb Code   156  stm32l4xx_hal_pwr_ex.o(.text)
    HAL_PWREx_DisableGPIOPullUp              0x08003d9b   Thumb Code   100  stm32l4xx_hal_pwr_ex.o(.text)
    HAL_PWREx_EnableGPIOPullDown             0x08003dff   Thumb Code   156  stm32l4xx_hal_pwr_ex.o(.text)
    HAL_PWREx_DisableGPIOPullDown            0x08003e9b   Thumb Code   104  stm32l4xx_hal_pwr_ex.o(.text)
    HAL_PWREx_EnablePullUpPullDownConfig     0x08003f03   Thumb Code    12  stm32l4xx_hal_pwr_ex.o(.text)
    HAL_PWREx_DisablePullUpPullDownConfig    0x08003f0f   Thumb Code    12  stm32l4xx_hal_pwr_ex.o(.text)
    HAL_PWREx_SetSRAM2ContentRetention       0x08003f1b   Thumb Code    34  stm32l4xx_hal_pwr_ex.o(.text)
    HAL_PWREx_EnableSRAM2ContentRetention    0x08003f3d   Thumb Code     6  stm32l4xx_hal_pwr_ex.o(.text)
    HAL_PWREx_DisableSRAM2ContentRetention   0x08003f43   Thumb Code     4  stm32l4xx_hal_pwr_ex.o(.text)
    HAL_PWREx_EnableExtSMPS_0V95             0x08003f47   Thumb Code    12  stm32l4xx_hal_pwr_ex.o(.text)
    HAL_PWREx_DisableExtSMPS_0V95            0x08003f53   Thumb Code    12  stm32l4xx_hal_pwr_ex.o(.text)
    HAL_PWREx_EnablePVM1                     0x08003f5f   Thumb Code    12  stm32l4xx_hal_pwr_ex.o(.text)
    HAL_PWREx_DisablePVM1                    0x08003f6b   Thumb Code    12  stm32l4xx_hal_pwr_ex.o(.text)
    HAL_PWREx_EnablePVM2                     0x08003f77   Thumb Code    12  stm32l4xx_hal_pwr_ex.o(.text)
    HAL_PWREx_DisablePVM2                    0x08003f83   Thumb Code    12  stm32l4xx_hal_pwr_ex.o(.text)
    HAL_PWREx_EnablePVM3                     0x08003f8f   Thumb Code    12  stm32l4xx_hal_pwr_ex.o(.text)
    HAL_PWREx_DisablePVM3                    0x08003f9b   Thumb Code    12  stm32l4xx_hal_pwr_ex.o(.text)
    HAL_PWREx_EnablePVM4                     0x08003fa7   Thumb Code    12  stm32l4xx_hal_pwr_ex.o(.text)
    HAL_PWREx_DisablePVM4                    0x08003fb3   Thumb Code    12  stm32l4xx_hal_pwr_ex.o(.text)
    HAL_PWREx_ConfigPVM                      0x08003fbf   Thumb Code   416  stm32l4xx_hal_pwr_ex.o(.text)
    HAL_PWREx_EnableLowPowerRunMode          0x0800415f   Thumb Code    12  stm32l4xx_hal_pwr_ex.o(.text)
    HAL_PWREx_DisableLowPowerRunMode         0x0800416b   Thumb Code    54  stm32l4xx_hal_pwr_ex.o(.text)
    HAL_PWREx_EnterSTOP0Mode                 0x080041a1   Thumb Code    44  stm32l4xx_hal_pwr_ex.o(.text)
    HAL_PWREx_EnterSTOP1Mode                 0x080041cd   Thumb Code    46  stm32l4xx_hal_pwr_ex.o(.text)
    HAL_PWREx_EnterSTOP2Mode                 0x080041fb   Thumb Code    46  stm32l4xx_hal_pwr_ex.o(.text)
    HAL_PWREx_EnterSHUTDOWNMode              0x08004229   Thumb Code    26  stm32l4xx_hal_pwr_ex.o(.text)
    HAL_PWREx_PVM4Callback                   0x08004243   Thumb Code     2  stm32l4xx_hal_pwr_ex.o(.text)
    HAL_PWREx_PVM3Callback                   0x08004245   Thumb Code     2  stm32l4xx_hal_pwr_ex.o(.text)
    HAL_PWREx_PVM2Callback                   0x08004247   Thumb Code     2  stm32l4xx_hal_pwr_ex.o(.text)
    HAL_PWREx_PVM1Callback                   0x08004249   Thumb Code     2  stm32l4xx_hal_pwr_ex.o(.text)
    HAL_PWREx_PVD_PVM_IRQHandler             0x0800424b   Thumb Code    82  stm32l4xx_hal_pwr_ex.o(.text)
    HAL_NVIC_SetPriorityGrouping             0x080042b1   Thumb Code    26  stm32l4xx_hal_cortex.o(.text)
    HAL_NVIC_SetPriority                     0x080042cb   Thumb Code    60  stm32l4xx_hal_cortex.o(.text)
    HAL_NVIC_EnableIRQ                       0x08004307   Thumb Code    26  stm32l4xx_hal_cortex.o(.text)
    HAL_NVIC_DisableIRQ                      0x08004321   Thumb Code    34  stm32l4xx_hal_cortex.o(.text)
    HAL_NVIC_SystemReset                     0x08004343   Thumb Code    28  stm32l4xx_hal_cortex.o(.text)
    HAL_SYSTICK_Config                       0x0800435f   Thumb Code    40  stm32l4xx_hal_cortex.o(.text)
    HAL_NVIC_GetPriorityGrouping             0x08004387   Thumb Code    10  stm32l4xx_hal_cortex.o(.text)
    HAL_NVIC_GetPriority                     0x08004391   Thumb Code    84  stm32l4xx_hal_cortex.o(.text)
    HAL_NVIC_SetPendingIRQ                   0x080043e5   Thumb Code    26  stm32l4xx_hal_cortex.o(.text)
    HAL_NVIC_GetPendingIRQ                   0x080043ff   Thumb Code    36  stm32l4xx_hal_cortex.o(.text)
    HAL_NVIC_ClearPendingIRQ                 0x08004423   Thumb Code    26  stm32l4xx_hal_cortex.o(.text)
    HAL_NVIC_GetActive                       0x0800443d   Thumb Code    36  stm32l4xx_hal_cortex.o(.text)
    HAL_SYSTICK_CLKSourceConfig              0x08004461   Thumb Code    24  stm32l4xx_hal_cortex.o(.text)
    HAL_SYSTICK_Callback                     0x08004479   Thumb Code     2  stm32l4xx_hal_cortex.o(.text)
    HAL_SYSTICK_IRQHandler                   0x0800447b   Thumb Code     8  stm32l4xx_hal_cortex.o(.text)
    HAL_MPU_Enable                           0x08004483   Thumb Code    20  stm32l4xx_hal_cortex.o(.text)
    HAL_MPU_Disable                          0x08004497   Thumb Code    14  stm32l4xx_hal_cortex.o(.text)
    HAL_MPU_ConfigRegion                     0x080044a5   Thumb Code    82  stm32l4xx_hal_cortex.o(.text)
    SystemInit                               0x08004521   Thumb Code    12  system_stm32l4xx.o(.text)
    SystemCoreClockUpdate                    0x0800452d   Thumb Code   152  system_stm32l4xx.o(.text)
    arm_abs_f32                              0x080045d9   Thumb Code    24  basicmathfunctions.o(.text)
    arm_abs_f64                              0x080045f1   Thumb Code    32  basicmathfunctions.o(.text)
    arm_abs_q15                              0x08004611   Thumb Code    34  basicmathfunctions.o(.text)
    arm_abs_q31                              0x08004633   Thumb Code    26  basicmathfunctions.o(.text)
    arm_abs_q7                               0x0800464d   Thumb Code    34  basicmathfunctions.o(.text)
    arm_add_f32                              0x0800466f   Thumb Code    26  basicmathfunctions.o(.text)
    arm_add_f64                              0x08004689   Thumb Code    54  basicmathfunctions.o(.text)
    arm_add_q15                              0x080046bf   Thumb Code    30  basicmathfunctions.o(.text)
    arm_add_q31                              0x080046dd   Thumb Code    22  basicmathfunctions.o(.text)
    arm_add_q7                               0x080046f3   Thumb Code    32  basicmathfunctions.o(.text)
    arm_and_u16                              0x08004713   Thumb Code    28  basicmathfunctions.o(.text)
    arm_and_u32                              0x0800472f   Thumb Code    20  basicmathfunctions.o(.text)
    arm_and_u8                               0x08004743   Thumb Code    28  basicmathfunctions.o(.text)
    arm_dot_prod_f32                         0x0800475f   Thumb Code    30  basicmathfunctions.o(.text)
    arm_dot_prod_f64                         0x0800477d   Thumb Code    76  basicmathfunctions.o(.text)
    arm_dot_prod_q15                         0x080047c9   Thumb Code    32  basicmathfunctions.o(.text)
    arm_dot_prod_q31                         0x080047e9   Thumb Code    42  basicmathfunctions.o(.text)
    arm_dot_prod_q7                          0x08004813   Thumb Code    28  basicmathfunctions.o(.text)
    arm_mult_f32                             0x0800482f   Thumb Code    26  basicmathfunctions.o(.text)
    arm_mult_f64                             0x08004849   Thumb Code    52  basicmathfunctions.o(.text)
    arm_mult_q15                             0x0800487d   Thumb Code    32  basicmathfunctions.o(.text)
    arm_mult_q31                             0x0800489d   Thumb Code    28  basicmathfunctions.o(.text)
    arm_mult_q7                              0x080048b9   Thumb Code    32  basicmathfunctions.o(.text)
    arm_negate_f32                           0x080048d9   Thumb Code    24  basicmathfunctions.o(.text)
    arm_negate_f64                           0x080048f1   Thumb Code    38  basicmathfunctions.o(.text)
    arm_negate_q15                           0x08004917   Thumb Code    36  basicmathfunctions.o(.text)
    arm_negate_q31                           0x0800493b   Thumb Code    22  basicmathfunctions.o(.text)
    arm_negate_q7                            0x08004951   Thumb Code    28  basicmathfunctions.o(.text)
    arm_not_u16                              0x0800496d   Thumb Code    22  basicmathfunctions.o(.text)
    arm_not_u32                              0x08004983   Thumb Code    16  basicmathfunctions.o(.text)
    arm_not_u8                               0x08004993   Thumb Code    20  basicmathfunctions.o(.text)
    arm_offset_f32                           0x080049a7   Thumb Code    22  basicmathfunctions.o(.text)
    arm_offset_f64                           0x080049bd   Thumb Code    58  basicmathfunctions.o(.text)
    arm_offset_q15                           0x080049f7   Thumb Code    26  basicmathfunctions.o(.text)
    arm_offset_q31                           0x08004a11   Thumb Code    20  basicmathfunctions.o(.text)
    arm_offset_q7                            0x08004a25   Thumb Code    26  basicmathfunctions.o(.text)
    arm_or_u16                               0x08004a3f   Thumb Code    28  basicmathfunctions.o(.text)
    arm_or_u32                               0x08004a5b   Thumb Code    20  basicmathfunctions.o(.text)
    arm_or_u8                                0x08004a6f   Thumb Code    28  basicmathfunctions.o(.text)
    arm_scale_f32                            0x08004a8b   Thumb Code    22  basicmathfunctions.o(.text)
    arm_scale_f64                            0x08004aa1   Thumb Code    54  basicmathfunctions.o(.text)
    arm_scale_q15                            0x08004ad7   Thumb Code    40  basicmathfunctions.o(.text)
    arm_scale_q31                            0x08004aff   Thumb Code    92  basicmathfunctions.o(.text)
    arm_scale_q7                             0x08004b5b   Thumb Code    40  basicmathfunctions.o(.text)
    arm_shift_q15                            0x08004b83   Thumb Code    52  basicmathfunctions.o(.text)
    arm_shift_q31                            0x08004bb7   Thumb Code    72  basicmathfunctions.o(.text)
    arm_shift_q7                             0x08004bff   Thumb Code    52  basicmathfunctions.o(.text)
    arm_sub_f32                              0x08004c33   Thumb Code    26  basicmathfunctions.o(.text)
    arm_sub_f64                              0x08004c4d   Thumb Code    52  basicmathfunctions.o(.text)
    arm_sub_q15                              0x08004c81   Thumb Code    28  basicmathfunctions.o(.text)
    arm_sub_q31                              0x08004c9d   Thumb Code    22  basicmathfunctions.o(.text)
    arm_sub_q7                               0x08004cb3   Thumb Code    32  basicmathfunctions.o(.text)
    arm_xor_u16                              0x08004cd3   Thumb Code    28  basicmathfunctions.o(.text)
    arm_xor_u32                              0x08004cef   Thumb Code    20  basicmathfunctions.o(.text)
    arm_xor_u8                               0x08004d03   Thumb Code    28  basicmathfunctions.o(.text)
    arm_clip_f32                             0x08004d1f   Thumb Code    66  basicmathfunctions.o(.text)
    arm_clip_q31                             0x08004d61   Thumb Code    44  basicmathfunctions.o(.text)
    arm_clip_q15                             0x08004d8d   Thumb Code    44  basicmathfunctions.o(.text)
    arm_clip_q7                              0x08004db9   Thumb Code    36  basicmathfunctions.o(.text)
    arm_cos_f32                              0x08004ddd   Thumb Code   118  fastmathfunctions.o(.text)
    arm_cos_q15                              0x08004e53   Thumb Code    62  fastmathfunctions.o(.text)
    arm_cos_q31                              0x08004e91   Thumb Code    60  fastmathfunctions.o(.text)
    arm_sin_f32                              0x08004ecd   Thumb Code   114  fastmathfunctions.o(.text)
    arm_sin_q15                              0x08004f3f   Thumb Code    56  fastmathfunctions.o(.text)
    arm_sin_q31                              0x08004f77   Thumb Code    58  fastmathfunctions.o(.text)
    arm_sqrt_q31                             0x08004fb1   Thumb Code   182  fastmathfunctions.o(.text)
    arm_sqrt_q15                             0x08005067   Thumb Code   152  fastmathfunctions.o(.text)
    arm_vexp_f32                             0x080050ff   Thumb Code    30  fastmathfunctions.o(.text)
    arm_vexp_f64                             0x0800511d   Thumb Code    32  fastmathfunctions.o(.text)
    arm_vlog_f32                             0x0800513d   Thumb Code    32  fastmathfunctions.o(.text)
    arm_vlog_f64                             0x0800515d   Thumb Code    32  fastmathfunctions.o(.text)
    arm_divide_q15                           0x0800517d   Thumb Code   136  fastmathfunctions.o(.text)
    arm_divide_q31                           0x08005205   Thumb Code   116  fastmathfunctions.o(.text)
    arm_vlog_q31                             0x08005279   Thumb Code    88  fastmathfunctions.o(.text)
    arm_vlog_q15                             0x080052d1   Thumb Code    96  fastmathfunctions.o(.text)
    arm_atan2_f32                            0x08005331   Thumb Code   512  fastmathfunctions.o(.text)
    arm_atan2_q31                            0x08005531   Thumb Code   978  fastmathfunctions.o(.text)
    arm_atan2_q15                            0x08005903   Thumb Code   762  fastmathfunctions.o(.text)
    __aeabi_uldivmod                         0x08005c03   Thumb Code     0  lludivv7m.o(.text)
    _ll_udiv                                 0x08005c03   Thumb Code   238  lludivv7m.o(.text)
    __aeabi_llsl                             0x08005cf1   Thumb Code     0  llshl.o(.text)
    _ll_shift_l                              0x08005cf1   Thumb Code    38  llshl.o(.text)
    __aeabi_lasr                             0x08005d17   Thumb Code     0  llsshr.o(.text)
    _ll_sshift_r                             0x08005d17   Thumb Code    38  llsshr.o(.text)
    __aeabi_ldivmod                          0x08005d3d   Thumb Code     0  llsdiv.o(.text)
    _ll_sdiv                                 0x08005d3d   Thumb Code    72  llsdiv.o(.text)
    __aeabi_memclr4                          0x08005d85   Thumb Code     0  rt_memclr_w.o(.text)
    __aeabi_memclr8                          0x08005d85   Thumb Code     0  rt_memclr_w.o(.text)
    __rt_memclr_w                            0x08005d85   Thumb Code    78  rt_memclr_w.o(.text)
    _memset_w                                0x08005d89   Thumb Code     0  rt_memclr_w.o(.text)
    __use_two_region_memory                  0x08005dd3   Thumb Code     2  heapauxi.o(.text)
    __rt_heap_escrow$2region                 0x08005dd5   Thumb Code     2  heapauxi.o(.text)
    __rt_heap_expand$2region                 0x08005dd7   Thumb Code     2  heapauxi.o(.text)
    __read_errno                             0x08005dd9   Thumb Code    10  _rserrno.o(.text)
    __set_errno                              0x08005de3   Thumb Code    12  _rserrno.o(.text)
    __aeabi_errno_addr                       0x08005df1   Thumb Code     8  rt_errno_addr_intlibspace.o(.text)
    __errno$intlibspace                      0x08005df1   Thumb Code     0  rt_errno_addr_intlibspace.o(.text)
    __rt_errno_addr$intlibspace              0x08005df1   Thumb Code     0  rt_errno_addr_intlibspace.o(.text)
    __user_libspace                          0x08005df9   Thumb Code     8  libspace.o(.text)
    __user_perproc_libspace                  0x08005df9   Thumb Code     0  libspace.o(.text)
    __user_perthread_libspace                0x08005df9   Thumb Code     0  libspace.o(.text)
    __user_setup_stackheap                   0x08005e01   Thumb Code    74  sys_stackheap_outer.o(.text)
    exit                                     0x08005e4b   Thumb Code    18  exit.o(.text)
    _sys_exit                                0x08005e5d   Thumb Code     8  sys_exit.o(.text)
    __I$use$semihosting                      0x08005e69   Thumb Code     0  use_no_semi.o(.text)
    __use_no_semihosting_swi                 0x08005e69   Thumb Code     2  use_no_semi.o(.text)
    __ARM_fpclassify                         0x08005e6b   Thumb Code    48  fpclassify.o(i.__ARM_fpclassify)
    __semihosting_library_function           0x08005e6b   Thumb Code     0  indicate_semi.o(.text)
    __ARM_fpclassifyf                        0x08005e9b   Thumb Code    38  fpclassifyf.o(i.__ARM_fpclassifyf)
    __hardfp_atan2f                          0x08005ec1   Thumb Code   594  atan2f.o(i.__hardfp_atan2f)
    __hardfp_exp                             0x08006171   Thumb Code   714  exp.o(i.__hardfp_exp)
    __hardfp_expf                            0x080064f9   Thumb Code   426  expf.o(i.__hardfp_expf)
    __mathlib_expf                           0x080064f9   Thumb Code     0  expf.o(i.__hardfp_expf)
    __hardfp_fabs                            0x080066e1   Thumb Code    20  fabs.o(i.__hardfp_fabs)
    __hardfp_log                             0x080066f9   Thumb Code   872  log.o(i.__hardfp_log)
    __hardfp_logf                            0x08006ae1   Thumb Code   320  logf.o(i.__hardfp_logf)
    __mathlib_logf                           0x08006ae1   Thumb Code     0  logf.o(i.__hardfp_logf)
    __hardfp_powf                            0x08006c4d   Thumb Code  1606  powf.o(i.__hardfp_powf)
    __mathlib_powf                           0x08006c4d   Thumb Code     0  powf.o(i.__hardfp_powf)
    __hardfp_sqrtf                           0x080072b1   Thumb Code    58  sqrtf.o(i.__hardfp_sqrtf)
    __hardfp_tan                             0x080072f1   Thumb Code   108  tan.o(i.__hardfp_tan)
    __ieee754_rem_pio2                       0x08007371   Thumb Code   938  rred.o(i.__ieee754_rem_pio2)
    __kernel_poly                            0x080077af   Thumb Code   248  poly.o(i.__kernel_poly)
    __kernel_tan                             0x080078a9   Thumb Code   764  tan_i.o(i.__kernel_tan)
    __mathlib_dbl_divzero                    0x08007c09   Thumb Code    28  dunder.o(i.__mathlib_dbl_divzero)
    __mathlib_dbl_infnan                     0x08007c39   Thumb Code    20  dunder.o(i.__mathlib_dbl_infnan)
    __mathlib_dbl_invalid                    0x08007c51   Thumb Code    24  dunder.o(i.__mathlib_dbl_invalid)
    __mathlib_dbl_overflow                   0x08007c71   Thumb Code    24  dunder.o(i.__mathlib_dbl_overflow)
    __mathlib_dbl_underflow                  0x08007c91   Thumb Code    24  dunder.o(i.__mathlib_dbl_underflow)
    __mathlib_flt_divzero                    0x08007cb1   Thumb Code    14  funder.o(i.__mathlib_flt_divzero)
    __mathlib_flt_infnan                     0x08007cc5   Thumb Code     6  funder.o(i.__mathlib_flt_infnan)
    __mathlib_flt_infnan2                    0x08007ccb   Thumb Code     6  funder.o(i.__mathlib_flt_infnan2)
    __mathlib_flt_invalid                    0x08007cd1   Thumb Code    10  funder.o(i.__mathlib_flt_invalid)
    __mathlib_flt_overflow                   0x08007ce1   Thumb Code    10  funder.o(i.__mathlib_flt_overflow)
    __mathlib_flt_underflow                  0x08007cf1   Thumb Code    10  funder.o(i.__mathlib_flt_underflow)
    fabs                                     0x08007d01   Thumb Code    24  fabs.o(i.fabs)
    __aeabi_dneg                             0x08007d19   Thumb Code     0  basic.o(x$fpl$basic)
    _dneg                                    0x08007d19   Thumb Code     6  basic.o(x$fpl$basic)
    __aeabi_fneg                             0x08007d1f   Thumb Code     0  basic.o(x$fpl$basic)
    _fneg                                    0x08007d1f   Thumb Code     6  basic.o(x$fpl$basic)
    _dabs                                    0x08007d25   Thumb Code     6  basic.o(x$fpl$basic)
    _fabs                                    0x08007d2b   Thumb Code     6  basic.o(x$fpl$basic)
    __aeabi_d2f                              0x08007d31   Thumb Code     0  d2f.o(x$fpl$d2f)
    _d2f                                     0x08007d31   Thumb Code    98  d2f.o(x$fpl$d2f)
    __aeabi_dadd                             0x08007d95   Thumb Code     0  daddsub_clz.o(x$fpl$dadd)
    _dadd                                    0x08007d95   Thumb Code   332  daddsub_clz.o(x$fpl$dadd)
    __fpl_dcmp_Inf                           0x08007ee5   Thumb Code    24  dcmpi.o(x$fpl$dcmpinf)
    __aeabi_ddiv                             0x08007efd   Thumb Code     0  ddiv.o(x$fpl$ddiv)
    _ddiv                                    0x08007efd   Thumb Code   552  ddiv.o(x$fpl$ddiv)
    __aeabi_cdcmpeq                          0x080081ad   Thumb Code     0  deqf.o(x$fpl$deqf)
    _dcmpeq                                  0x080081ad   Thumb Code   120  deqf.o(x$fpl$deqf)
    __aeabi_d2iz                             0x08008225   Thumb Code     0  dfix.o(x$fpl$dfix)
    _dfix                                    0x08008225   Thumb Code    94  dfix.o(x$fpl$dfix)
    __aeabi_i2d                              0x08008283   Thumb Code     0  dflt_clz.o(x$fpl$dflt)
    _dflt                                    0x08008283   Thumb Code    46  dflt_clz.o(x$fpl$dflt)
    __aeabi_ui2d                             0x080082b1   Thumb Code     0  dflt_clz.o(x$fpl$dfltu)
    _dfltu                                   0x080082b1   Thumb Code    38  dflt_clz.o(x$fpl$dfltu)
    __aeabi_cdcmple                          0x080082d9   Thumb Code     0  dleqf.o(x$fpl$dleqf)
    _dcmple                                  0x080082d9   Thumb Code   120  dleqf.o(x$fpl$dleqf)
    __fpl_dcmple_InfNaN                      0x0800833b   Thumb Code     0  dleqf.o(x$fpl$dleqf)
    __aeabi_dmul                             0x08008351   Thumb Code     0  dmul.o(x$fpl$dmul)
    _dmul                                    0x08008351   Thumb Code   332  dmul.o(x$fpl$dmul)
    __fpl_dnaninf                            0x080084a5   Thumb Code   156  dnaninf.o(x$fpl$dnaninf)
    __fpl_dretinf                            0x08008541   Thumb Code    12  dretinf.o(x$fpl$dretinf)
    __aeabi_cdrcmple                         0x0800854d   Thumb Code     0  drleqf.o(x$fpl$drleqf)
    _drcmple                                 0x0800854d   Thumb Code   108  drleqf.o(x$fpl$drleqf)
    __aeabi_drsub                            0x080085b9   Thumb Code     0  daddsub_clz.o(x$fpl$drsb)
    _drsb                                    0x080085b9   Thumb Code    22  daddsub_clz.o(x$fpl$drsb)
    __aeabi_dsub                             0x080085d1   Thumb Code     0  daddsub_clz.o(x$fpl$dsub)
    _dsub                                    0x080085d1   Thumb Code   464  daddsub_clz.o(x$fpl$dsub)
    __aeabi_f2d                              0x080087a5   Thumb Code     0  f2d.o(x$fpl$f2d)
    _f2d                                     0x080087a5   Thumb Code    86  f2d.o(x$fpl$f2d)
    __fpl_fnaninf                            0x080087fb   Thumb Code   140  fnaninf.o(x$fpl$fnaninf)
    _fp_init                                 0x08008887   Thumb Code    10  fpinit.o(x$fpl$fpinit)
    __fplib_config_fpu_vfp                   0x0800888f   Thumb Code     0  fpinit.o(x$fpl$fpinit)
    __fplib_config_pureend_doubles           0x0800888f   Thumb Code     0  fpinit.o(x$fpl$fpinit)
    __fpl_fretinf                            0x08008891   Thumb Code    10  fretinf.o(x$fpl$fretinf)
    __I$use$fp                               0x0800889a   Number         0  usenofp.o(x$fpl$usenofp)
    AHBPrescTable                            0x0800889c   Data          16  system_stm32l4xx.o(.constdata)
    MSIRangeTable                            0x080088ac   Data          48  system_stm32l4xx.o(.constdata)
    APBPrescTable                            0x080088dc   Data           8  system_stm32l4xx.o(.constdata)
    sinTable_f32                             0x080088e4   Data        2052  commontables.o(.constdata)
    sinTable_q31                             0x080090e8   Data        2052  commontables.o(.constdata)
    sinTable_q15                             0x080098ec   Data        1026  commontables.o(.constdata)
    sqrt_initial_lut_q31                     0x08009cf0   Data         128  commontables.o(.constdata)
    sqrt_initial_lut_q15                     0x08009d70   Data          32  commontables.o(.constdata)
    __mathlib_zero                           0x0800a040   Data           8  qnan.o(.constdata)
    Region$$Table$$Base                      0x0800a170   Number         0  anon$$obj.o(Region$$Table)
    Region$$Table$$Limit                     0x0800a190   Number         0  anon$$obj.o(Region$$Table)
    uwTickFreq                               0x20000030   Data           1  stm32l4xx_hal.o(.data)
    uwTickPrio                               0x20000034   Data           4  stm32l4xx_hal.o(.data)
    uwTick                                   0x20000038   Data           4  stm32l4xx_hal.o(.data)
    SystemCoreClock                          0x2000003c   Data           4  system_stm32l4xx.o(.data)
    hspi1                                    0x20000640   Data         100  main.o(.bss)
    __libspace_start                         0x200006ec   Data          96  libspace.o(.bss)
    __temporary_stack_top$libspace           0x2000074c   Data           0  libspace.o(.bss)



==============================================================================

Memory Map of the image

  Image Entry point : 0x08000189

  Load Region LR_IROM1 (Base: 0x08000000, Size: 0x0000a1d0, Max: 0x00100000, ABSOLUTE)

    Execution Region ER_IROM1 (Exec base: 0x08000000, Load base: 0x08000000, Size: 0x0000a190, Max: 0x00100000, ABSOLUTE)

    Exec Addr    Load Addr    Size         Type   Attr      Idx    E Section Name        Object

    0x08000000   0x08000000   0x00000188   Data   RO            3    RESET               startup_stm32l476xx.o
    0x08000188   0x08000188   0x00000008   Code   RO         3393  * !!!main             c_w.l(__main.o)
    0x08000190   0x08000190   0x00000034   Code   RO         3804    !!!scatter          c_w.l(__scatter.o)
    0x080001c4   0x080001c4   0x0000001a   Code   RO         3806    !!handler_copy      c_w.l(__scatter_copy.o)
    0x080001de   0x080001de   0x00000002   PAD
    0x080001e0   0x080001e0   0x0000001c   Code   RO         3808    !!handler_zi        c_w.l(__scatter_zi.o)
    0x080001fc   0x080001fc   0x00000002   Code   RO         3675    .ARM.Collect$$libinit$$00000000  c_w.l(libinit.o)
    0x080001fe   0x080001fe   0x00000004   Code   RO         3684    .ARM.Collect$$libinit$$00000001  c_w.l(libinit2.o)
    0x08000202   0x08000202   0x00000000   Code   RO         3687    .ARM.Collect$$libinit$$00000004  c_w.l(libinit2.o)
    0x08000202   0x08000202   0x00000000   Code   RO         3690    .ARM.Collect$$libinit$$0000000A  c_w.l(libinit2.o)
    0x08000202   0x08000202   0x00000000   Code   RO         3692    .ARM.Collect$$libinit$$0000000C  c_w.l(libinit2.o)
    0x08000202   0x08000202   0x00000000   Code   RO         3694    .ARM.Collect$$libinit$$0000000E  c_w.l(libinit2.o)
    0x08000202   0x08000202   0x00000000   Code   RO         3697    .ARM.Collect$$libinit$$00000011  c_w.l(libinit2.o)
    0x08000202   0x08000202   0x00000000   Code   RO         3699    .ARM.Collect$$libinit$$00000013  c_w.l(libinit2.o)
    0x08000202   0x08000202   0x00000000   Code   RO         3701    .ARM.Collect$$libinit$$00000015  c_w.l(libinit2.o)
    0x08000202   0x08000202   0x00000000   Code   RO         3703    .ARM.Collect$$libinit$$00000017  c_w.l(libinit2.o)
    0x08000202   0x08000202   0x00000000   Code   RO         3705    .ARM.Collect$$libinit$$00000019  c_w.l(libinit2.o)
    0x08000202   0x08000202   0x00000000   Code   RO         3707    .ARM.Collect$$libinit$$0000001B  c_w.l(libinit2.o)
    0x08000202   0x08000202   0x00000000   Code   RO         3709    .ARM.Collect$$libinit$$0000001D  c_w.l(libinit2.o)
    0x08000202   0x08000202   0x00000000   Code   RO         3711    .ARM.Collect$$libinit$$0000001F  c_w.l(libinit2.o)
    0x08000202   0x08000202   0x00000000   Code   RO         3713    .ARM.Collect$$libinit$$00000021  c_w.l(libinit2.o)
    0x08000202   0x08000202   0x00000000   Code   RO         3715    .ARM.Collect$$libinit$$00000023  c_w.l(libinit2.o)
    0x08000202   0x08000202   0x00000000   Code   RO         3717    .ARM.Collect$$libinit$$00000025  c_w.l(libinit2.o)
    0x08000202   0x08000202   0x00000000   Code   RO         3721    .ARM.Collect$$libinit$$0000002C  c_w.l(libinit2.o)
    0x08000202   0x08000202   0x00000000   Code   RO         3723    .ARM.Collect$$libinit$$0000002E  c_w.l(libinit2.o)
    0x08000202   0x08000202   0x00000000   Code   RO         3725    .ARM.Collect$$libinit$$00000030  c_w.l(libinit2.o)
    0x08000202   0x08000202   0x00000000   Code   RO         3727    .ARM.Collect$$libinit$$00000032  c_w.l(libinit2.o)
    0x08000202   0x08000202   0x00000002   Code   RO         3728    .ARM.Collect$$libinit$$00000033  c_w.l(libinit2.o)
    0x08000204   0x08000204   0x00000002   Code   RO         3759    .ARM.Collect$$libshutdown$$00000000  c_w.l(libshutdown.o)
    0x08000206   0x08000206   0x00000000   Code   RO         3785    .ARM.Collect$$libshutdown$$00000002  c_w.l(libshutdown2.o)
    0x08000206   0x08000206   0x00000000   Code   RO         3787    .ARM.Collect$$libshutdown$$00000004  c_w.l(libshutdown2.o)
    0x08000206   0x08000206   0x00000000   Code   RO         3789    .ARM.Collect$$libshutdown$$00000006  c_w.l(libshutdown2.o)
    0x08000206   0x08000206   0x00000000   Code   RO         3792    .ARM.Collect$$libshutdown$$00000009  c_w.l(libshutdown2.o)
    0x08000206   0x08000206   0x00000000   Code   RO         3795    .ARM.Collect$$libshutdown$$0000000C  c_w.l(libshutdown2.o)
    0x08000206   0x08000206   0x00000000   Code   RO         3797    .ARM.Collect$$libshutdown$$0000000E  c_w.l(libshutdown2.o)
    0x08000206   0x08000206   0x00000000   Code   RO         3800    .ARM.Collect$$libshutdown$$00000011  c_w.l(libshutdown2.o)
    0x08000206   0x08000206   0x00000002   Code   RO         3801    .ARM.Collect$$libshutdown$$00000012  c_w.l(libshutdown2.o)
    0x08000208   0x08000208   0x00000000   Code   RO         3565    .ARM.Collect$$rtentry$$00000000  c_w.l(__rtentry.o)
    0x08000208   0x08000208   0x00000000   Code   RO         3638    .ARM.Collect$$rtentry$$00000002  c_w.l(__rtentry2.o)
    0x08000208   0x08000208   0x00000006   Code   RO         3650    .ARM.Collect$$rtentry$$00000004  c_w.l(__rtentry4.o)
    0x0800020e   0x0800020e   0x00000000   Code   RO         3640    .ARM.Collect$$rtentry$$00000009  c_w.l(__rtentry2.o)
    0x0800020e   0x0800020e   0x00000004   Code   RO         3641    .ARM.Collect$$rtentry$$0000000A  c_w.l(__rtentry2.o)
    0x08000212   0x08000212   0x00000000   Code   RO         3643    .ARM.Collect$$rtentry$$0000000C  c_w.l(__rtentry2.o)
    0x08000212   0x08000212   0x00000008   Code   RO         3644    .ARM.Collect$$rtentry$$0000000D  c_w.l(__rtentry2.o)
    0x0800021a   0x0800021a   0x00000002   Code   RO         3676    .ARM.Collect$$rtexit$$00000000  c_w.l(rtexit.o)
    0x0800021c   0x0800021c   0x00000000   Code   RO         3732    .ARM.Collect$$rtexit$$00000002  c_w.l(rtexit2.o)
    0x0800021c   0x0800021c   0x00000004   Code   RO         3733    .ARM.Collect$$rtexit$$00000003  c_w.l(rtexit2.o)
    0x08000220   0x08000220   0x00000006   Code   RO         3734    .ARM.Collect$$rtexit$$00000004  c_w.l(rtexit2.o)
    0x08000226   0x08000226   0x00000002   PAD
    0x08000228   0x08000228   0x00000040   Code   RO            4    .text               startup_stm32l476xx.o
    0x08000268   0x08000268   0x00000520   Code   RO           13    .text               incl.o
    0x08000788   0x08000788   0x00000410   Code   RO          218    .text               main.o
    0x08000b98   0x08000b98   0x00000014   Code   RO          250    .text               stm32l4xx_it.o
    0x08000bac   0x08000bac   0x000000a8   Code   RO          277    .text               stm32l4xx_hal_msp.o
    0x08000c54   0x08000c54   0x00001992   Code   RO          301    .text               stm32l4xx_hal_spi.o
    0x080025e6   0x080025e6   0x00000002   PAD
    0x080025e8   0x080025e8   0x00000230   Code   RO          349    .text               stm32l4xx_hal.o
    0x08002818   0x08002818   0x00000a10   Code   RO          427    .text               stm32l4xx_hal_rcc.o
    0x08003228   0x08003228   0x0000034c   Code   RO          557    .text               stm32l4xx_hal_gpio.o
    0x08003574   0x08003574   0x0000052e   Code   RO          581    .text               stm32l4xx_hal_dma.o
    0x08003aa2   0x08003aa2   0x00000002   PAD
    0x08003aa4   0x08003aa4   0x0000018c   Code   RO          623    .text               stm32l4xx_hal_pwr.o
    0x08003c30   0x08003c30   0x00000680   Code   RO          647    .text               stm32l4xx_hal_pwr_ex.o
    0x080042b0   0x080042b0   0x00000270   Code   RO          672    .text               stm32l4xx_hal_cortex.o
    0x08004520   0x08004520   0x000000b8   Code   RO          760    .text               system_stm32l4xx.o
    0x080045d8   0x080045d8   0x00000804   Code   RO          792    .text               basicmathfunctions.o
    0x08004ddc   0x08004ddc   0x00000e26   Code   RO         1697    .text               fastmathfunctions.o
    0x08005c02   0x08005c02   0x000000ee   Code   RO         3377    .text               c_w.l(lludivv7m.o)
    0x08005cf0   0x08005cf0   0x00000026   Code   RO         3379    .text               c_w.l(llshl.o)
    0x08005d16   0x08005d16   0x00000026   Code   RO         3381    .text               c_w.l(llsshr.o)
    0x08005d3c   0x08005d3c   0x00000048   Code   RO         3383    .text               c_w.l(llsdiv.o)
    0x08005d84   0x08005d84   0x0000004e   Code   RO         3389    .text               c_w.l(rt_memclr_w.o)
    0x08005dd2   0x08005dd2   0x00000006   Code   RO         3391    .text               c_w.l(heapauxi.o)
    0x08005dd8   0x08005dd8   0x00000016   Code   RO         3570    .text               c_w.l(_rserrno.o)
    0x08005dee   0x08005dee   0x00000002   PAD
    0x08005df0   0x08005df0   0x00000008   Code   RO         3657    .text               c_w.l(rt_errno_addr_intlibspace.o)
    0x08005df8   0x08005df8   0x00000008   Code   RO         3659    .text               c_w.l(libspace.o)
    0x08005e00   0x08005e00   0x0000004a   Code   RO         3662    .text               c_w.l(sys_stackheap_outer.o)
    0x08005e4a   0x08005e4a   0x00000012   Code   RO         3664    .text               c_w.l(exit.o)
    0x08005e5c   0x08005e5c   0x0000000c   Code   RO         3729    .text               c_w.l(sys_exit.o)
    0x08005e68   0x08005e68   0x00000002   Code   RO         3748    .text               c_w.l(use_no_semi.o)
    0x08005e6a   0x08005e6a   0x00000000   Code   RO         3750    .text               c_w.l(indicate_semi.o)
    0x08005e6a   0x08005e6a   0x00000030   Code   RO         3605    i.__ARM_fpclassify  m_wm.l(fpclassify.o)
    0x08005e9a   0x08005e9a   0x00000026   Code   RO         3607    i.__ARM_fpclassifyf  m_wm.l(fpclassifyf.o)
    0x08005ec0   0x08005ec0   0x000002ac   Code   RO         3429    i.__hardfp_atan2f   m_wm.l(atan2f.o)
    0x0800616c   0x0800616c   0x00000004   PAD
    0x08006170   0x08006170   0x00000388   Code   RO         3441    i.__hardfp_exp      m_wm.l(exp.o)
    0x080064f8   0x080064f8   0x000001e8   Code   RO         3455    i.__hardfp_expf     m_wm.l(expf.o)
    0x080066e0   0x080066e0   0x00000014   Code   RO         3469    i.__hardfp_fabs     m_wm.l(fabs.o)
    0x080066f4   0x080066f4   0x00000004   PAD
    0x080066f8   0x080066f8   0x000003e8   Code   RO         3475    i.__hardfp_log      m_wm.l(log.o)
    0x08006ae0   0x08006ae0   0x0000016c   Code   RO         3489    i.__hardfp_logf     m_wm.l(logf.o)
    0x08006c4c   0x08006c4c   0x00000664   Code   RO         3503    i.__hardfp_powf     m_wm.l(powf.o)
    0x080072b0   0x080072b0   0x0000003a   Code   RO         3529    i.__hardfp_sqrtf    m_wm.l(sqrtf.o)
    0x080072ea   0x080072ea   0x00000006   PAD
    0x080072f0   0x080072f0   0x00000080   Code   RO         3541    i.__hardfp_tan      m_wm.l(tan.o)
    0x08007370   0x08007370   0x0000043e   Code   RO         3626    i.__ieee754_rem_pio2  m_wm.l(rred.o)
    0x080077ae   0x080077ae   0x000000f8   Code   RO         3623    i.__kernel_poly     m_wm.l(poly.o)
    0x080078a6   0x080078a6   0x00000002   PAD
    0x080078a8   0x080078a8   0x0000035c   Code   RO         3631    i.__kernel_tan      m_wm.l(tan_i.o)
    0x08007c04   0x08007c04   0x00000004   PAD
    0x08007c08   0x08007c08   0x00000030   Code   RO         3591    i.__mathlib_dbl_divzero  m_wm.l(dunder.o)
    0x08007c38   0x08007c38   0x00000014   Code   RO         3592    i.__mathlib_dbl_infnan  m_wm.l(dunder.o)
    0x08007c4c   0x08007c4c   0x00000004   PAD
    0x08007c50   0x08007c50   0x00000020   Code   RO         3594    i.__mathlib_dbl_invalid  m_wm.l(dunder.o)
    0x08007c70   0x08007c70   0x00000020   Code   RO         3595    i.__mathlib_dbl_overflow  m_wm.l(dunder.o)
    0x08007c90   0x08007c90   0x00000020   Code   RO         3597    i.__mathlib_dbl_underflow  m_wm.l(dunder.o)
    0x08007cb0   0x08007cb0   0x00000014   Code   RO         3609    i.__mathlib_flt_divzero  m_wm.l(funder.o)
    0x08007cc4   0x08007cc4   0x00000006   Code   RO         3610    i.__mathlib_flt_infnan  m_wm.l(funder.o)
    0x08007cca   0x08007cca   0x00000006   Code   RO         3611    i.__mathlib_flt_infnan2  m_wm.l(funder.o)
    0x08007cd0   0x08007cd0   0x00000010   Code   RO         3612    i.__mathlib_flt_invalid  m_wm.l(funder.o)
    0x08007ce0   0x08007ce0   0x00000010   Code   RO         3613    i.__mathlib_flt_overflow  m_wm.l(funder.o)
    0x08007cf0   0x08007cf0   0x00000010   Code   RO         3615    i.__mathlib_flt_underflow  m_wm.l(funder.o)
    0x08007d00   0x08007d00   0x00000018   Code   RO         3471    i.fabs              m_wm.l(fabs.o)
    0x08007d18   0x08007d18   0x00000018   Code   RO         3395    x$fpl$basic         fz_wm.l(basic.o)
    0x08007d30   0x08007d30   0x00000062   Code   RO         3397    x$fpl$d2f           fz_wm.l(d2f.o)
    0x08007d92   0x08007d92   0x00000002   PAD
    0x08007d94   0x08007d94   0x00000150   Code   RO         3399    x$fpl$dadd          fz_wm.l(daddsub_clz.o)
    0x08007ee4   0x08007ee4   0x00000018   Code   RO         3572    x$fpl$dcmpinf       fz_wm.l(dcmpi.o)
    0x08007efc   0x08007efc   0x000002b0   Code   RO         3406    x$fpl$ddiv          fz_wm.l(ddiv.o)
    0x080081ac   0x080081ac   0x00000078   Code   RO         3409    x$fpl$deqf          fz_wm.l(deqf.o)
    0x08008224   0x08008224   0x0000005e   Code   RO         3574    x$fpl$dfix          fz_wm.l(dfix.o)
    0x08008282   0x08008282   0x0000002e   Code   RO         3412    x$fpl$dflt          fz_wm.l(dflt_clz.o)
    0x080082b0   0x080082b0   0x00000026   Code   RO         3411    x$fpl$dfltu         fz_wm.l(dflt_clz.o)
    0x080082d6   0x080082d6   0x00000002   PAD
    0x080082d8   0x080082d8   0x00000078   Code   RO         3417    x$fpl$dleqf         fz_wm.l(dleqf.o)
    0x08008350   0x08008350   0x00000154   Code   RO         3419    x$fpl$dmul          fz_wm.l(dmul.o)
    0x080084a4   0x080084a4   0x0000009c   Code   RO         3578    x$fpl$dnaninf       fz_wm.l(dnaninf.o)
    0x08008540   0x08008540   0x0000000c   Code   RO         3580    x$fpl$dretinf       fz_wm.l(dretinf.o)
    0x0800854c   0x0800854c   0x0000006c   Code   RO         3421    x$fpl$drleqf        fz_wm.l(drleqf.o)
    0x080085b8   0x080085b8   0x00000016   Code   RO         3400    x$fpl$drsb          fz_wm.l(daddsub_clz.o)
    0x080085ce   0x080085ce   0x00000002   PAD
    0x080085d0   0x080085d0   0x000001d4   Code   RO         3401    x$fpl$dsub          fz_wm.l(daddsub_clz.o)
    0x080087a4   0x080087a4   0x00000056   Code   RO         3423    x$fpl$f2d           fz_wm.l(f2d.o)
    0x080087fa   0x080087fa   0x0000008c   Code   RO         3584    x$fpl$fnaninf       fz_wm.l(fnaninf.o)
    0x08008886   0x08008886   0x0000000a   Code   RO         3744    x$fpl$fpinit        fz_wm.l(fpinit.o)
    0x08008890   0x08008890   0x0000000a   Code   RO         3586    x$fpl$fretinf       fz_wm.l(fretinf.o)
    0x0800889a   0x0800889a   0x00000000   Code   RO         3590    x$fpl$usenofp       fz_wm.l(usenofp.o)
    0x0800889a   0x0800889a   0x00000002   PAD
    0x0800889c   0x0800889c   0x00000040   Data   RO          761    .constdata          system_stm32l4xx.o
    0x080088dc   0x080088dc   0x00000008   Data   RO          762    .constdata          system_stm32l4xx.o
    0x080088e4   0x080088e4   0x00000804   Data   RO         1229    .constdata          commontables.o
    0x080090e8   0x080090e8   0x00000804   Data   RO         1230    .constdata          commontables.o
    0x080098ec   0x080098ec   0x00000402   Data   RO         1231    .constdata          commontables.o
    0x08009cee   0x08009cee   0x00000002   PAD
    0x08009cf0   0x08009cf0   0x00000080   Data   RO         1232    .constdata          commontables.o
    0x08009d70   0x08009d70   0x00000020   Data   RO         1233    .constdata          commontables.o
    0x08009d90   0x08009d90   0x00000070   Data   RO         1698    .constdata          fastmathfunctions.o
    0x08009e00   0x08009e00   0x00000058   Data   RO         3444    .constdata          m_wm.l(exp.o)
    0x08009e58   0x08009e58   0x00000030   Data   RO         3458    .constdata          m_wm.l(expf.o)
    0x08009e88   0x08009e88   0x00000038   Data   RO         3478    .constdata          m_wm.l(log.o)
    0x08009ec0   0x08009ec0   0x00000040   Data   RO         3492    .constdata          m_wm.l(logf.o)
    0x08009f00   0x08009f00   0x00000140   Data   RO         3506    .constdata          m_wm.l(powf.o)
    0x0800a040   0x0800a040   0x00000008   Data   RO         3625    .constdata          m_wm.l(qnan.o)
    0x0800a048   0x0800a048   0x000000c8   Data   RO         3628    .constdata          m_wm.l(rred.o)
    0x0800a110   0x0800a110   0x00000060   Data   RO         3632    .constdata          m_wm.l(tan_i.o)
    0x0800a170   0x0800a170   0x00000020   Data   RO         3802    Region$$Table       anon$$obj.o


    Execution Region RW_IRAM2 (Exec base: 0x10000000, Load base: 0x0800a1d0, Size: 0x00000000, Max: 0x00008000, ABSOLUTE)

    **** No section assigned to this execution region ****


    Execution Region RW_IRAM1 (Exec base: 0x20000000, Load base: 0x0800a190, Size: 0x00000d50, Max: 0x00018000, ABSOLUTE)

    Exec Addr    Load Addr    Size         Type   Attr      Idx    E Section Name        Object

    0x20000000   0x0800a190   0x00000030   Data   RW           16    .data               incl.o
    0x20000030   0x0800a1c0   0x0000000c   Data   RW          350    .data               stm32l4xx_hal.o
    0x2000003c   0x0800a1cc   0x00000004   Data   RW          763    .data               system_stm32l4xx.o
    0x20000040        -       0x00000600   Zero   RW           14    .bss                incl.o
    0x20000640        -       0x000000ac   Zero   RW          219    .bss                main.o
    0x200006ec        -       0x00000060   Zero   RW         3660    .bss                c_w.l(libspace.o)
    0x2000074c   0x0800a1d0   0x00000004   PAD
    0x20000750        -       0x00000200   Zero   RW            2    HEAP                startup_stm32l476xx.o
    0x20000950        -       0x00000400   Zero   RW            1    STACK               startup_stm32l476xx.o


==============================================================================

Image component sizes


      Code (inc. data)   RO Data    RW Data    ZI Data      Debug   Object Name

      2052         16          0          0          0      47597   basicmathfunctions.o
         0          0       5290          0          0      13509   commontables.o
      3622         92        112          0          0      21618   fastmathfunctions.o
      1312         90          0         48       1536     794968   incl.o
      1040         28          0          0        172       2434   main.o
        64         26        392          0       1536        860   startup_stm32l476xx.o
       560         32          0         12          0      17443   stm32l4xx_hal.o
       624         10          0          0          0      35914   stm32l4xx_hal_cortex.o
      1326         18          0          0          0       6017   stm32l4xx_hal_dma.o
       844         36          0          0          0       3879   stm32l4xx_hal_gpio.o
       168         10          0          0          0       1504   stm32l4xx_hal_msp.o
       396         18          0          0          0       3688   stm32l4xx_hal_pwr.o
      1664         70          0          0          0       9877   stm32l4xx_hal_pwr_ex.o
      2576         80          0          0          0       7609   stm32l4xx_hal_rcc.o
      6546        118          0          0          0      21557   stm32l4xx_hal_spi.o
        20          0          0          0          0       1350   stm32l4xx_it.o
       184         20         72          4          0       1847   system_stm32l4xx.o

    ----------------------------------------------------------------------
     23002        664       5900         64       3244     991671   Object Totals
         0          0         32          0          0          0   (incl. Generated)
         4          0          2          0          0          0   (incl. Padding)

    ----------------------------------------------------------------------

      Code (inc. data)   RO Data    RW Data    ZI Data      Debug   Library Member Name

         8          0          0          0          0         68   __main.o
         0          0          0          0          0          0   __rtentry.o
        12          0          0          0          0          0   __rtentry2.o
         6          0          0          0          0          0   __rtentry4.o
        52          8          0          0          0          0   __scatter.o
        26          0          0          0          0          0   __scatter_copy.o
        28          0          0          0          0          0   __scatter_zi.o
        22          0          0          0          0        100   _rserrno.o
        18          0          0          0          0         80   exit.o
         6          0          0          0          0        152   heapauxi.o
         0          0          0          0          0          0   indicate_semi.o
         2          0          0          0          0          0   libinit.o
         6          0          0          0          0          0   libinit2.o
         2          0          0          0          0          0   libshutdown.o
         2          0          0          0          0          0   libshutdown2.o
         8          4          0          0         96         68   libspace.o
        72          0          0          0          0         76   llsdiv.o
        38          0          0          0          0         68   llshl.o
        38          0          0          0          0         68   llsshr.o
       238          0          0          0          0        100   lludivv7m.o
         8          4          0          0          0         68   rt_errno_addr_intlibspace.o
        78          0          0          0          0         80   rt_memclr_w.o
         2          0          0          0          0          0   rtexit.o
        10          0          0          0          0          0   rtexit2.o
        12          4          0          0          0         68   sys_exit.o
        74          0          0          0          0         80   sys_stackheap_outer.o
         2          0          0          0          0         68   use_no_semi.o
        24          0          0          0          0        164   basic.o
        98          4          0          0          0        140   d2f.o
       826         16          0          0          0        492   daddsub_clz.o
        24          0          0          0          0        116   dcmpi.o
       688        140          0          0          0        256   ddiv.o
       120          4          0          0          0        140   deqf.o
        94          4          0          0          0        140   dfix.o
        84          0          0          0          0        232   dflt_clz.o
       120          4          0          0          0        140   dleqf.o
       340         12          0          0          0        152   dmul.o
       156          4          0          0          0        140   dnaninf.o
        12          0          0          0          0        116   dretinf.o
       108          0          0          0          0        128   drleqf.o
        86          4          0          0          0        132   f2d.o
       140          4          0          0          0        132   fnaninf.o
        10          0          0          0          0        116   fpinit.o
        10          0          0          0          0        116   fretinf.o
         0          0          0          0          0          0   usenofp.o
       684         90          0          0          0        208   atan2f.o
       164         44          0          0          0        620   dunder.o
       904        142         88          0          0        288   exp.o
       488         62         48          0          0        236   expf.o
        44          0          0          0          0        248   fabs.o
        48          0          0          0          0        124   fpclassify.o
        38          0          0          0          0        116   fpclassifyf.o
        80         24          0          0          0        696   funder.o
      1000         92         56          0          0        316   log.o
       364         44         64          0          0        140   logf.o
       248          0          0          0          0        152   poly.o
      1636        110        320          0          0        372   powf.o
         0          0          8          0          0          0   qnan.o
      1086        142        200          0          0        188   rred.o
        58          0          0          0          0        136   sqrtf.o
       128         20          0          0          0        144   tan.o
       860         84         96          0          0        196   tan_i.o

    ----------------------------------------------------------------------
     11578       1074        880          0        100       8176   Library Totals
        38          4          0          0          4          0   (incl. Padding)

    ----------------------------------------------------------------------

      Code (inc. data)   RO Data    RW Data    ZI Data      Debug   Library Name

       770         20          0          0         96       1144   c_w.l
      2940        196          0          0          0       2852   fz_wm.l
      7830        854        880          0          0       4180   m_wm.l

    ----------------------------------------------------------------------
     11578       1074        880          0        100       8176   Library Totals

    ----------------------------------------------------------------------

==============================================================================


      Code (inc. data)   RO Data    RW Data    ZI Data      Debug   

     34580       1738       6780         64       3344     990527   Grand Totals
     34580       1738       6780         64       3344     990527   ELF Image Totals
     34580       1738       6780         64          0          0   ROM Totals

==============================================================================

    Total RO  Size (Code + RO Data)                41360 (  40.39kB)
    Total RW  Size (RW Data + ZI Data)              3408 (   3.33kB)
    Total ROM Size (Code + RO Data + RW Data)      41424 (  40.45kB)

==============================================================================

